Component: ARM Compiler 6.16 Tool: armlink [5dfeaa00]

==============================================================================

Section Cross References

    system_at32f421.o(.ARM.exidx.text.SystemInit) refers to system_at32f421.o(.text.SystemInit) for [Anonymous Symbol]
    system_at32f421.o(.text.system_core_clock_update) refers to at32f421_crm.o(.text.crm_sysclk_switch_status_get) for crm_sysclk_switch_status_get
    system_at32f421.o(.text.system_core_clock_update) refers to system_at32f421.o(.data.system_core_clock) for system_core_clock
    system_at32f421.o(.ARM.exidx.text.system_core_clock_update) refers to system_at32f421.o(.text.system_core_clock_update) for [Anonymous Symbol]
    startup_at32f421.o(STACK) refers (Special) to heapauxi.o(.text) for __use_two_region_memory
    startup_at32f421.o(HEAP) refers (Special) to heapauxi.o(.text) for __use_two_region_memory
    startup_at32f421.o(RESET) refers (Special) to heapauxi.o(.text) for __use_two_region_memory
    startup_at32f421.o(RESET) refers to startup_at32f421.o(STACK) for __initial_sp
    startup_at32f421.o(RESET) refers to startup_at32f421.o(.text) for Reset_Handler
    startup_at32f421.o(RESET) refers to at32f4xx_it.o(.text.NMI_Handler) for NMI_Handler
    startup_at32f421.o(RESET) refers to at32f4xx_it.o(.text.HardFault_Handler) for HardFault_Handler
    startup_at32f421.o(RESET) refers to at32f4xx_it.o(.text.MemManage_Handler) for MemManage_Handler
    startup_at32f421.o(RESET) refers to at32f4xx_it.o(.text.BusFault_Handler) for BusFault_Handler
    startup_at32f421.o(RESET) refers to at32f4xx_it.o(.text.UsageFault_Handler) for UsageFault_Handler
    startup_at32f421.o(RESET) refers to at32f4xx_it.o(.text.SVC_Handler) for SVC_Handler
    startup_at32f421.o(RESET) refers to at32f4xx_it.o(.text.DebugMon_Handler) for DebugMon_Handler
    startup_at32f421.o(RESET) refers to at32f4xx_it.o(.text.PendSV_Handler) for PendSV_Handler
    startup_at32f421.o(RESET) refers to at32f4xx_it.o(.text.SysTick_Handler) for SysTick_Handler
    startup_at32f421.o(.text) refers (Special) to heapauxi.o(.text) for __use_two_region_memory
    startup_at32f421.o(.text) refers to system_at32f421.o(.text.SystemInit) for SystemInit
    startup_at32f421.o(.text) refers to __main.o(!!!main) for __main
    startup_at32f421.o(.text) refers to startup_at32f421.o(HEAP) for Heap_Mem
    startup_at32f421.o(.text) refers to startup_at32f421.o(STACK) for Stack_Mem
    at32f4xx_it.o(.ARM.exidx.text.NMI_Handler) refers to at32f4xx_it.o(.text.NMI_Handler) for [Anonymous Symbol]
    at32f4xx_it.o(.ARM.exidx.text.HardFault_Handler) refers to at32f4xx_it.o(.text.HardFault_Handler) for [Anonymous Symbol]
    at32f4xx_it.o(.ARM.exidx.text.MemManage_Handler) refers to at32f4xx_it.o(.text.MemManage_Handler) for [Anonymous Symbol]
    at32f4xx_it.o(.ARM.exidx.text.BusFault_Handler) refers to at32f4xx_it.o(.text.BusFault_Handler) for [Anonymous Symbol]
    at32f4xx_it.o(.ARM.exidx.text.UsageFault_Handler) refers to at32f4xx_it.o(.text.UsageFault_Handler) for [Anonymous Symbol]
    at32f4xx_it.o(.ARM.exidx.text.SVC_Handler) refers to at32f4xx_it.o(.text.SVC_Handler) for [Anonymous Symbol]
    at32f4xx_it.o(.ARM.exidx.text.DebugMon_Handler) refers to at32f4xx_it.o(.text.DebugMon_Handler) for [Anonymous Symbol]
    at32f4xx_it.o(.ARM.exidx.text.PendSV_Handler) refers to at32f4xx_it.o(.text.PendSV_Handler) for [Anonymous Symbol]
    at32f4xx_it.o(.ARM.exidx.text.SysTick_Handler) refers to at32f4xx_it.o(.text.SysTick_Handler) for [Anonymous Symbol]
    main.o(.ARM.exidx.text.gpio_mode_set) refers to main.o(.text.gpio_mode_set) for [Anonymous Symbol]
    main.o(.ARM.exidx.text.delayMicroseconds) refers to main.o(.text.delayMicroseconds) for [Anonymous Symbol]
    main.o(.text.jump) refers to main.o(.bss..L_MergedGlobals.1) for [Anonymous Symbol]
    main.o(.ARM.exidx.text.jump) refers to main.o(.text.jump) for [Anonymous Symbol]
    main.o(.text.makeCrc) refers to main.o(.bss..L_MergedGlobals.1) for [Anonymous Symbol]
    main.o(.ARM.exidx.text.makeCrc) refers to main.o(.text.makeCrc) for [Anonymous Symbol]
    main.o(.text.checkCrc) refers to main.o(.text.makeCrc) for makeCrc
    main.o(.text.checkCrc) refers to main.o(.bss..L_MergedGlobals.1) for [Anonymous Symbol]
    main.o(.ARM.exidx.text.checkCrc) refers to main.o(.text.checkCrc) for [Anonymous Symbol]
    main.o(.text.setReceive) refers to main.o(.bss..L_MergedGlobals.1) for [Anonymous Symbol]
    main.o(.ARM.exidx.text.setReceive) refers to main.o(.text.setReceive) for [Anonymous Symbol]
    main.o(.ARM.exidx.text.setTransmit) refers to main.o(.text.setTransmit) for [Anonymous Symbol]
    main.o(.text.send_ACK) refers to main.o(.text.OUTLINED_FUNCTION_2) for OUTLINED_FUNCTION_2
    main.o(.text.send_ACK) refers to main.o(.text.serialwriteChar) for serialwriteChar
    main.o(.text.send_ACK) refers to main.o(.text.OUTLINED_FUNCTION_1) for OUTLINED_FUNCTION_1
[...]
    Removing at32f421_i2c.o(.ARM.exidx.text.i2c_pec_calculate_enable), (8 bytes).
    Removing at32f421_i2c.o(.text.i2c_pec_value_get), (8 bytes).
    Removing at32f421_i2c.o(.ARM.exidx.text.i2c_pec_value_get), (8 bytes).
    Removing at32f421_i2c.o(.text.i2c_dma_end_transfer_set), (18 bytes).
    Removing at32f421_i2c.o(.ARM.exidx.text.i2c_dma_end_transfer_set), (8 bytes).
    Removing at32f421_i2c.o(.text.i2c_dma_enable), (18 bytes).
    Removing at32f421_i2c.o(.ARM.exidx.text.i2c_dma_enable), (8 bytes).
    Removing at32f421_i2c.o(.text.i2c_interrupt_enable), (22 bytes).
    Removing at32f421_i2c.o(.ARM.exidx.text.i2c_interrupt_enable), (8 bytes).
    Removing at32f421_i2c.o(.text.i2c_start_generate), (10 bytes).
    Removing at32f421_i2c.o(.ARM.exidx.text.i2c_start_generate), (8 bytes).
    Removing at32f421_i2c.o(.text.i2c_stop_generate), (10 bytes).
    Removing at32f421_i2c.o(.ARM.exidx.text.i2c_stop_generate), (8 bytes).
    Removing at32f421_i2c.o(.text.i2c_7bit_address_send), (16 bytes).
    Removing at32f421_i2c.o(.ARM.exidx.text.i2c_7bit_address_send), (8 bytes).
    Removing at32f421_i2c.o(.text.i2c_data_send), (4 bytes).
    Removing at32f421_i2c.o(.ARM.exidx.text.i2c_data_send), (8 bytes).
    Removing at32f421_i2c.o(.text.i2c_data_receive), (6 bytes).
    Removing at32f421_i2c.o(.ARM.exidx.text.i2c_data_receive), (8 bytes).
    Removing at32f421_i2c.o(.text.i2c_flag_get), (42 bytes).
    Removing at32f421_i2c.o(.ARM.exidx.text.i2c_flag_get), (8 bytes).
    Removing at32f421_i2c.o(.text.i2c_flag_clear), (36 bytes).
    Removing at32f421_i2c.o(.ARM.exidx.text.i2c_flag_clear), (8 bytes).
    Removing at32f421_i2c.o(.text.OUTLINED_FUNCTION_0), (18 bytes).
    Removing at32f421_i2c.o(.ARM.exidx.text.OUTLINED_FUNCTION_0), (8 bytes).
    Removing at32f421_misc.o(.text), (0 bytes).
    Removing at32f421_misc.o(.text.nvic_system_reset), (4 bytes).
    Removing at32f421_misc.o(.ARM.exidx.text.nvic_system_reset), (8 bytes).
    Removing at32f421_misc.o(.text.NVIC_SystemReset), (36 bytes).
    Removing at32f421_misc.o(.ARM.exidx.text.NVIC_SystemReset), (8 bytes).
    Removing at32f421_misc.o(.text.nvic_irq_enable), (100 bytes).
    Removing at32f421_misc.o(.ARM.exidx.text.nvic_irq_enable), (8 bytes).
    Removing at32f421_misc.o(.text.nvic_irq_disable), (24 bytes).
    Removing at32f421_misc.o(.ARM.exidx.text.nvic_irq_disable), (8 bytes).
    Removing at32f421_misc.o(.text.nvic_priority_group_config), (32 bytes).
    Removing at32f421_misc.o(.ARM.exidx.text.nvic_priority_group_config), (8 bytes).
    Removing at32f421_misc.o(.text.nvic_vector_table_set), (20 bytes).
    Removing at32f421_misc.o(.ARM.exidx.text.nvic_vector_table_set), (8 bytes).
    Removing at32f421_misc.o(.text.nvic_lowpower_mode_config), (24 bytes).
    Removing at32f421_misc.o(.ARM.exidx.text.nvic_lowpower_mode_config), (8 bytes).
    Removing at32f421_misc.o(.text.systick_clock_source_config), (24 bytes).
    Removing at32f421_misc.o(.ARM.exidx.text.systick_clock_source_config), (8 bytes).
    Removing at32f421_pwc.o(.text), (0 bytes).
    Removing at32f421_pwc.o(.text.pwc_reset), (28 bytes).
    Removing at32f421_pwc.o(.ARM.exidx.text.pwc_reset), (8 bytes).
    Removing at32f421_pwc.o(.text.pwc_battery_powered_domain_access), (24 bytes).
    Removing at32f421_pwc.o(.ARM.exidx.text.pwc_battery_powered_domain_access), (8 bytes).
    Removing at32f421_pwc.o(.text.pwc_pvm_level_select), (24 bytes).
    Removing at32f421_pwc.o(.ARM.exidx.text.pwc_pvm_level_select), (8 bytes).
    Removing at32f421_pwc.o(.text.pwc_power_voltage_monitor_enable), (24 bytes).
    Removing at32f421_pwc.o(.ARM.exidx.text.pwc_power_voltage_monitor_enable), (8 bytes).
    Removing at32f421_pwc.o(.text.pwc_wakeup_pin_enable), (24 bytes).
    Removing at32f421_pwc.o(.ARM.exidx.text.pwc_wakeup_pin_enable), (8 bytes).
    Removing at32f421_pwc.o(.text.pwc_flag_clear), (32 bytes).
    Removing at32f421_pwc.o(.ARM.exidx.text.pwc_flag_clear), (8 bytes).
    Removing at32f421_pwc.o(.text.pwc_flag_get), (16 bytes).
    Removing at32f421_pwc.o(.ARM.exidx.text.pwc_flag_get), (8 bytes).
    Removing at32f421_pwc.o(.text.pwc_sleep_mode_enter), (32 bytes).
    Removing at32f421_pwc.o(.ARM.exidx.text.pwc_sleep_mode_enter), (8 bytes).
    Removing at32f421_pwc.o(.text.pwc_deep_sleep_mode_enter), (40 bytes).
    Removing at32f421_pwc.o(.ARM.exidx.text.pwc_deep_sleep_mode_enter), (8 bytes).
    Removing at32f421_pwc.o(.text.pwc_voltage_regulate_set), (60 bytes).
    Removing at32f421_pwc.o(.ARM.exidx.text.pwc_voltage_regulate_set), (8 bytes).
    Removing at32f421_pwc.o(.text.pwc_standby_mode_enter), (40 bytes).
    Removing at32f421_pwc.o(.ARM.exidx.text.pwc_standby_mode_enter), (8 bytes).
    Removing at32f421_scfg.o(.text), (0 bytes).
    Removing at32f421_scfg.o(.text.scfg_reset), (26 bytes).
    Removing at32f421_scfg.o(.ARM.exidx.text.scfg_reset), (8 bytes).
    Removing at32f421_scfg.o(.text.scfg_infrared_config), (40 bytes).
    Removing at32f421_scfg.o(.ARM.exidx.text.scfg_infrared_config), (8 bytes).
    Removing at32f421_scfg.o(.text.scfg_mem_map_get), (16 bytes).
    Removing at32f421_scfg.o(.ARM.exidx.text.scfg_mem_map_get), (8 bytes).
    Removing at32f421_scfg.o(.text.scfg_pa11pa12_pin_remap), (24 bytes).
    Removing at32f421_scfg.o(.ARM.exidx.text.scfg_pa11pa12_pin_remap), (8 bytes).
    Removing at32f421_scfg.o(.text.scfg_adc_dma_channel_remap), (24 bytes).
    Removing at32f421_scfg.o(.ARM.exidx.text.scfg_adc_dma_channel_remap), (8 bytes).
    Removing at32f421_scfg.o(.text.scfg_usart1_tx_dma_channel_remap), (24 bytes).
    Removing at32f421_scfg.o(.ARM.exidx.text.scfg_usart1_tx_dma_channel_remap), (8 bytes).
    Removing at32f421_scfg.o(.text.scfg_usart1_rx_dma_channel_remap), (24 bytes).
    Removing at32f421_scfg.o(.ARM.exidx.text.scfg_usart1_rx_dma_channel_remap), (8 bytes).
    Removing at32f421_scfg.o(.text.scfg_tmr16_dma_channel_remap), (24 bytes).
    Removing at32f421_scfg.o(.ARM.exidx.text.scfg_tmr16_dma_channel_remap), (8 bytes).
    Removing at32f421_scfg.o(.text.scfg_tmr17_dma_channel_remap), (24 bytes).
    Removing at32f421_scfg.o(.ARM.exidx.text.scfg_tmr17_dma_channel_remap), (8 bytes).
    Removing at32f421_scfg.o(.text.scfg_exint_line_config), (112 bytes).
    Removing at32f421_scfg.o(.ARM.exidx.text.scfg_exint_line_config), (8 bytes).
    Removing at32f421_spi.o(.text), (0 bytes).
    Removing at32f421_spi.o(.text.spi_i2s_reset), (56 bytes).
    Removing at32f421_spi.o(.ARM.exidx.text.spi_i2s_reset), (8 bytes).
    Removing at32f421_spi.o(.text.spi_default_para_init), (14 bytes).
    Removing at32f421_spi.o(.ARM.exidx.text.spi_default_para_init), (8 bytes).
    Removing at32f421_spi.o(.text.spi_init), (236 bytes).
    Removing at32f421_spi.o(.ARM.exidx.text.spi_init), (8 bytes).
    Removing at32f421_spi.o(.text.spi_crc_next_transmit), (10 bytes).
    Removing at32f421_spi.o(.ARM.exidx.text.spi_crc_next_transmit), (8 bytes).
    Removing at32f421_spi.o(.text.spi_crc_polynomial_set), (14 bytes).
    Removing at32f421_spi.o(.ARM.exidx.text.spi_crc_polynomial_set), (8 bytes).
    Removing at32f421_spi.o(.text.spi_crc_polynomial_get), (6 bytes).
    Removing at32f421_spi.o(.ARM.exidx.text.spi_crc_polynomial_get), (8 bytes).
    Removing at32f421_spi.o(.text.spi_crc_enable), (18 bytes).
    Removing at32f421_spi.o(.ARM.exidx.text.spi_crc_enable), (8 bytes).
    Removing at32f421_spi.o(.text.spi_crc_value_get), (14 bytes).
    Removing at32f421_spi.o(.ARM.exidx.text.spi_crc_value_get), (8 bytes).
    Removing at32f421_spi.o(.text.spi_hardware_cs_output_enable), (18 bytes).
    Removing at32f421_spi.o(.ARM.exidx.text.spi_hardware_cs_output_enable), (8 bytes).
    Removing at32f421_spi.o(.text.spi_software_cs_internal_level_set), (18 bytes).
    Removing at32f421_spi.o(.ARM.exidx.text.spi_software_cs_internal_level_set), (8 bytes).
    Removing at32f421_spi.o(.text.spi_frame_bit_num_set), (18 bytes).
    Removing at32f421_spi.o(.ARM.exidx.text.spi_frame_bit_num_set), (8 bytes).
    Removing at32f421_spi.o(.text.spi_half_duplex_direction_set), (18 bytes).
    Removing at32f421_spi.o(.ARM.exidx.text.spi_half_duplex_direction_set), (8 bytes).
    Removing at32f421_spi.o(.text.spi_enable), (18 bytes).
    Removing at32f421_spi.o(.ARM.exidx.text.spi_enable), (8 bytes).
    Removing at32f421_spi.o(.text.i2s_default_para_init), (16 bytes).
    Removing at32f421_spi.o(.ARM.exidx.text.i2s_default_para_init), (8 bytes).
    Removing at32f421_spi.o(.text.i2s_init), (372 bytes).
    Removing at32f421_spi.o(.ARM.exidx.text.i2s_init), (8 bytes).
    Removing at32f421_spi.o(.text.i2s_enable), (18 bytes).
    Removing at32f421_spi.o(.ARM.exidx.text.i2s_enable), (8 bytes).
    Removing at32f421_spi.o(.text.spi_i2s_interrupt_enable), (16 bytes).
    Removing at32f421_spi.o(.ARM.exidx.text.spi_i2s_interrupt_enable), (8 bytes).
    Removing at32f421_spi.o(.text.spi_i2s_dma_transmitter_enable), (18 bytes).
    Removing at32f421_spi.o(.ARM.exidx.text.spi_i2s_dma_transmitter_enable), (8 bytes).
    Removing at32f421_spi.o(.text.spi_i2s_dma_receiver_enable), (10 bytes).
    Removing at32f421_spi.o(.ARM.exidx.text.spi_i2s_dma_receiver_enable), (8 bytes).
    Removing at32f421_spi.o(.text.spi_i2s_data_transmit), (4 bytes).
    Removing at32f421_spi.o(.ARM.exidx.text.spi_i2s_data_transmit), (8 bytes).
    Removing at32f421_spi.o(.text.spi_i2s_data_receive), (6 bytes).
    Removing at32f421_spi.o(.ARM.exidx.text.spi_i2s_data_receive), (8 bytes).
    Removing at32f421_spi.o(.text.spi_i2s_flag_get), (10 bytes).
    Removing at32f421_spi.o(.ARM.exidx.text.spi_i2s_flag_get), (8 bytes).
    Removing at32f421_spi.o(.text.spi_i2s_flag_clear), (48 bytes).
    Removing at32f421_spi.o(.ARM.exidx.text.spi_i2s_flag_clear), (8 bytes).
    Removing at32f421_tmr.o(.text), (0 bytes).
    Removing at32f421_tmr.o(.text.tmr_reset), (132 bytes).
    Removing at32f421_tmr.o(.ARM.exidx.text.tmr_reset), (8 bytes).
    Removing at32f421_tmr.o(.text.tmr_counter_enable), (10 bytes).
    Removing at32f421_tmr.o(.ARM.exidx.text.tmr_counter_enable), (8 bytes).
    Removing at32f421_tmr.o(.text.tmr_output_default_para_init), (4 bytes).
    Removing at32f421_tmr.o(.ARM.exidx.text.tmr_output_default_para_init), (8 bytes).
    Removing at32f421_tmr.o(.text.tmr_input_default_para_init), (8 bytes).
    Removing at32f421_tmr.o(.ARM.exidx.text.tmr_input_default_para_init), (8 bytes).
    Removing at32f421_tmr.o(.text.tmr_brkdt_default_para_init), (4 bytes).
    Removing at32f421_tmr.o(.ARM.exidx.text.tmr_brkdt_default_para_init), (8 bytes).
    Removing at32f421_tmr.o(.text.tmr_base_init), (14 bytes).
    Removing at32f421_tmr.o(.ARM.exidx.text.tmr_base_init), (8 bytes).
    Removing at32f421_tmr.o(.text.tmr_clock_source_div_set), (18 bytes).
    Removing at32f421_tmr.o(.ARM.exidx.text.tmr_clock_source_div_set), (8 bytes).
    Removing at32f421_tmr.o(.text.tmr_cnt_dir_set), (18 bytes).
    Removing at32f421_tmr.o(.ARM.exidx.text.tmr_cnt_dir_set), (8 bytes).
    Removing at32f421_tmr.o(.text.tmr_repetition_counter_set), (12 bytes).
    Removing at32f421_tmr.o(.ARM.exidx.text.tmr_repetition_counter_set), (8 bytes).
    Removing at32f421_tmr.o(.text.tmr_counter_value_set), (4 bytes).
    Removing at32f421_tmr.o(.ARM.exidx.text.tmr_counter_value_set), (8 bytes).
    Removing at32f421_tmr.o(.text.tmr_counter_value_get), (4 bytes).
    Removing at32f421_tmr.o(.ARM.exidx.text.tmr_counter_value_get), (8 bytes).
    Removing at32f421_tmr.o(.text.tmr_div_value_set), (4 bytes).
    Removing at32f421_tmr.o(.ARM.exidx.text.tmr_div_value_set), (8 bytes).
    Removing at32f421_tmr.o(.text.tmr_div_value_get), (4 bytes).
    Removing at32f421_tmr.o(.ARM.exidx.text.tmr_div_value_get), (8 bytes).
    Removing at32f421_tmr.o(.text.tmr_output_channel_config), (244 bytes).
    Removing at32f421_tmr.o(.ARM.exidx.text.tmr_output_channel_config), (8 bytes).
    Removing at32f421_tmr.o(.text.tmr_output_channel_mode_select), (70 bytes).
    Removing at32f421_tmr.o(.ARM.exidx.text.tmr_output_channel_mode_select), (8 bytes).
    Removing at32f421_tmr.o(.text.tmr_period_value_set), (4 bytes).
    Removing at32f421_tmr.o(.ARM.exidx.text.tmr_period_value_set), (8 bytes).
    Removing at32f421_tmr.o(.text.tmr_period_value_get), (4 bytes).
    Removing at32f421_tmr.o(.ARM.exidx.text.tmr_period_value_get), (8 bytes).
    Removing at32f421_tmr.o(.text.tmr_channel_value_set), (32 bytes).
    Removing at32f421_tmr.o(.ARM.exidx.text.tmr_channel_value_set), (8 bytes).
    Removing at32f421_tmr.o(.text.tmr_channel_value_get), (36 bytes).
    Removing at32f421_tmr.o(.ARM.exidx.text.tmr_channel_value_get), (8 bytes).
    Removing at32f421_tmr.o(.text.tmr_period_buffer_enable), (18 bytes).
    Removing at32f421_tmr.o(.ARM.exidx.text.tmr_period_buffer_enable), (8 bytes).
    Removing at32f421_tmr.o(.text.tmr_output_channel_buffer_enable), (70 bytes).
    Removing at32f421_tmr.o(.ARM.exidx.text.tmr_output_channel_buffer_enable), (8 bytes).
    Removing at32f421_tmr.o(.text.tmr_output_channel_immediately_set), (70 bytes).
    Removing at32f421_tmr.o(.ARM.exidx.text.tmr_output_channel_immediately_set), (8 bytes).
    Removing at32f421_tmr.o(.text.tmr_output_channel_switch_set), (62 bytes).
    Removing at32f421_tmr.o(.ARM.exidx.text.tmr_output_channel_switch_set), (8 bytes).
    Removing at32f421_tmr.o(.text.tmr_one_cycle_mode_enable), (18 bytes).
    Removing at32f421_tmr.o(.ARM.exidx.text.tmr_one_cycle_mode_enable), (8 bytes).
    Removing at32f421_tmr.o(.text.tmr_overflow_request_source_set), (18 bytes).
    Removing at32f421_tmr.o(.ARM.exidx.text.tmr_overflow_request_source_set), (8 bytes).
    Removing at32f421_tmr.o(.text.tmr_overflow_event_disable), (18 bytes).
    Removing at32f421_tmr.o(.ARM.exidx.text.tmr_overflow_event_disable), (8 bytes).
    Removing at32f421_tmr.o(.text.tmr_input_channel_init), (266 bytes).
    Removing at32f421_tmr.o(.ARM.exidx.text.tmr_input_channel_init), (8 bytes).
    Removing at32f421_tmr.o(.text.tmr_channel_enable), (130 bytes).
    Removing at32f421_tmr.o(.ARM.exidx.text.tmr_channel_enable), (8 bytes).
    Removing at32f421_tmr.o(.text.tmr_input_channel_filter_set), (62 bytes).
    Removing at32f421_tmr.o(.ARM.exidx.text.tmr_input_channel_filter_set), (8 bytes).
    Removing at32f421_tmr.o(.text.tmr_pwm_input_config), (262 bytes).
    Removing at32f421_tmr.o(.ARM.exidx.text.tmr_pwm_input_config), (8 bytes).
    Removing at32f421_tmr.o(.text.tmr_channel1_input_select), (18 bytes).
    Removing at32f421_tmr.o(.ARM.exidx.text.tmr_channel1_input_select), (8 bytes).
    Removing at32f421_tmr.o(.text.tmr_input_channel_divider_set), (70 bytes).
    Removing at32f421_tmr.o(.ARM.exidx.text.tmr_input_channel_divider_set), (8 bytes).
    Removing at32f421_tmr.o(.text.tmr_primary_mode_select), (18 bytes).
    Removing at32f421_tmr.o(.ARM.exidx.text.tmr_primary_mode_select), (8 bytes).
    Removing at32f421_tmr.o(.text.tmr_sub_mode_select), (10 bytes).
    Removing at32f421_tmr.o(.ARM.exidx.text.tmr_sub_mode_select), (8 bytes).
    Removing at32f421_tmr.o(.text.tmr_channel_dma_select), (18 bytes).
    Removing at32f421_tmr.o(.ARM.exidx.text.tmr_channel_dma_select), (8 bytes).
    Removing at32f421_tmr.o(.text.tmr_hall_select), (18 bytes).
    Removing at32f421_tmr.o(.ARM.exidx.text.tmr_hall_select), (8 bytes).
    Removing at32f421_tmr.o(.text.tmr_channel_buffer_enable), (10 bytes).
    Removing at32f421_tmr.o(.ARM.exidx.text.tmr_channel_buffer_enable), (8 bytes).
    Removing at32f421_tmr.o(.text.tmr_trigger_input_select), (18 bytes).
    Removing at32f421_tmr.o(.ARM.exidx.text.tmr_trigger_input_select), (8 bytes).
    Removing at32f421_tmr.o(.text.tmr_sub_sync_mode_set), (18 bytes).
    Removing at32f421_tmr.o(.ARM.exidx.text.tmr_sub_sync_mode_set), (8 bytes).
    Removing at32f421_tmr.o(.text.tmr_dma_request_enable), (22 bytes).
    Removing at32f421_tmr.o(.ARM.exidx.text.tmr_dma_request_enable), (8 bytes).
    Removing at32f421_tmr.o(.text.tmr_interrupt_enable), (22 bytes).
    Removing at32f421_tmr.o(.ARM.exidx.text.tmr_interrupt_enable), (8 bytes).
    Removing at32f421_tmr.o(.text.tmr_flag_get), (10 bytes).
    Removing at32f421_tmr.o(.ARM.exidx.text.tmr_flag_get), (8 bytes).
    Removing at32f421_tmr.o(.text.tmr_flag_clear), (6 bytes).
    Removing at32f421_tmr.o(.ARM.exidx.text.tmr_flag_clear), (8 bytes).
    Removing at32f421_tmr.o(.text.tmr_event_sw_trigger), (8 bytes).
    Removing at32f421_tmr.o(.ARM.exidx.text.tmr_event_sw_trigger), (8 bytes).
    Removing at32f421_tmr.o(.text.tmr_output_enable), (18 bytes).
    Removing at32f421_tmr.o(.ARM.exidx.text.tmr_output_enable), (8 bytes).
    Removing at32f421_tmr.o(.text.tmr_internal_clock_set), (10 bytes).
    Removing at32f421_tmr.o(.ARM.exidx.text.tmr_internal_clock_set), (8 bytes).
    Removing at32f421_tmr.o(.text.tmr_output_channel_polarity_set), (130 bytes).
    Removing at32f421_tmr.o(.ARM.exidx.text.tmr_output_channel_polarity_set), (8 bytes).
    Removing at32f421_tmr.o(.text.tmr_external_clock_config), (52 bytes).
    Removing at32f421_tmr.o(.ARM.exidx.text.tmr_external_clock_config), (8 bytes).
    Removing at32f421_tmr.o(.text.tmr_external_clock_mode1_config), (26 bytes).
    Removing at32f421_tmr.o(.ARM.exidx.text.tmr_external_clock_mode1_config), (8 bytes).
    Removing at32f421_tmr.o(.text.tmr_external_clock_mode2_config), (18 bytes).
    Removing at32f421_tmr.o(.ARM.exidx.text.tmr_external_clock_mode2_config), (8 bytes).
    Removing at32f421_tmr.o(.text.tmr_encoder_mode_config), (70 bytes).
    Removing at32f421_tmr.o(.ARM.exidx.text.tmr_encoder_mode_config), (8 bytes).
    Removing at32f421_tmr.o(.text.tmr_force_output_set), (70 bytes).
    Removing at32f421_tmr.o(.ARM.exidx.text.tmr_force_output_set), (8 bytes).
    Removing at32f421_tmr.o(.text.tmr_dma_control_config), (26 bytes).
    Removing at32f421_tmr.o(.ARM.exidx.text.tmr_dma_control_config), (8 bytes).
    Removing at32f421_tmr.o(.text.tmr_brkdt_config), (122 bytes).
    Removing at32f421_tmr.o(.ARM.exidx.text.tmr_brkdt_config), (8 bytes).
    Removing at32f421_tmr.o(.text.tmr_iremap_config), (10 bytes).
    Removing at32f421_tmr.o(.ARM.exidx.text.tmr_iremap_config), (8 bytes).
    Removing at32f421_tmr.o(.text.OUTLINED_FUNCTION_0), (32 bytes).
    Removing at32f421_tmr.o(.ARM.exidx.text.OUTLINED_FUNCTION_0), (8 bytes).
    Removing at32f421_tmr.o(.text.OUTLINED_FUNCTION_1), (24 bytes).
    Removing at32f421_tmr.o(.ARM.exidx.text.OUTLINED_FUNCTION_1), (8 bytes).
    Removing at32f421_tmr.o(.text.OUTLINED_FUNCTION_2), (10 bytes).
    Removing at32f421_tmr.o(.ARM.exidx.text.OUTLINED_FUNCTION_2), (8 bytes).
    Removing at32f421_usart.o(.text), (0 bytes).
    Removing at32f421_usart.o(.text.usart_reset), (60 bytes).
    Removing at32f421_usart.o(.ARM.exidx.text.usart_reset), (8 bytes).
    Removing at32f421_usart.o(.text.usart_init), (120 bytes).
    Removing at32f421_usart.o(.ARM.exidx.text.usart_init), (8 bytes).
    Removing at32f421_usart.o(.text.usart_parity_selection_config), (52 bytes).
    Removing at32f421_usart.o(.ARM.exidx.text.usart_parity_selection_config), (8 bytes).
    Removing at32f421_usart.o(.text.usart_enable), (18 bytes).
    Removing at32f421_usart.o(.ARM.exidx.text.usart_enable), (8 bytes).
    Removing at32f421_usart.o(.text.usart_transmitter_enable), (18 bytes).
    Removing at32f421_usart.o(.ARM.exidx.text.usart_transmitter_enable), (8 bytes).
    Removing at32f421_usart.o(.text.usart_receiver_enable), (18 bytes).
    Removing at32f421_usart.o(.ARM.exidx.text.usart_receiver_enable), (8 bytes).
    Removing at32f421_usart.o(.text.usart_clock_config), (52 bytes).
    Removing at32f421_usart.o(.ARM.exidx.text.usart_clock_config), (8 bytes).
    Removing at32f421_usart.o(.text.usart_clock_enable), (18 bytes).
    Removing at32f421_usart.o(.ARM.exidx.text.usart_clock_enable), (8 bytes).
    Removing at32f421_usart.o(.text.usart_interrupt_enable), (28 bytes).
    Removing at32f421_usart.o(.ARM.exidx.text.usart_interrupt_enable), (8 bytes).
    Removing at32f421_usart.o(.text.usart_dma_transmitter_enable), (18 bytes).
    Removing at32f421_usart.o(.ARM.exidx.text.usart_dma_transmitter_enable), (8 bytes).
    Removing at32f421_usart.o(.text.usart_dma_receiver_enable), (18 bytes).
    Removing at32f421_usart.o(.ARM.exidx.text.usart_dma_receiver_enable), (8 bytes).
    Removing at32f421_usart.o(.text.usart_wakeup_id_set), (10 bytes).
    Removing at32f421_usart.o(.ARM.exidx.text.usart_wakeup_id_set), (8 bytes).
    Removing at32f421_usart.o(.text.usart_wakeup_mode_set), (18 bytes).
    Removing at32f421_usart.o(.ARM.exidx.text.usart_wakeup_mode_set), (8 bytes).
    Removing at32f421_usart.o(.text.usart_receiver_mute_enable), (18 bytes).
    Removing at32f421_usart.o(.ARM.exidx.text.usart_receiver_mute_enable), (8 bytes).
    Removing at32f421_usart.o(.text.usart_break_bit_num_set), (18 bytes).
    Removing at32f421_usart.o(.ARM.exidx.text.usart_break_bit_num_set), (8 bytes).
    Removing at32f421_usart.o(.text.usart_lin_mode_enable), (18 bytes).
    Removing at32f421_usart.o(.ARM.exidx.text.usart_lin_mode_enable), (8 bytes).
    Removing at32f421_usart.o(.text.usart_data_transmit), (8 bytes).
    Removing at32f421_usart.o(.ARM.exidx.text.usart_data_transmit), (8 bytes).
    Removing at32f421_usart.o(.text.usart_data_receive), (6 bytes).
    Removing at32f421_usart.o(.ARM.exidx.text.usart_data_receive), (8 bytes).
    Removing at32f421_usart.o(.text.usart_break_send), (10 bytes).
    Removing at32f421_usart.o(.ARM.exidx.text.usart_break_send), (8 bytes).
    Removing at32f421_usart.o(.text.usart_smartcard_guard_time_set), (14 bytes).
    Removing at32f421_usart.o(.ARM.exidx.text.usart_smartcard_guard_time_set), (8 bytes).
    Removing at32f421_usart.o(.text.usart_irda_smartcard_division_set), (12 bytes).
    Removing at32f421_usart.o(.ARM.exidx.text.usart_irda_smartcard_division_set), (8 bytes).
    Removing at32f421_usart.o(.text.usart_smartcard_mode_enable), (18 bytes).
    Removing at32f421_usart.o(.ARM.exidx.text.usart_smartcard_mode_enable), (8 bytes).
    Removing at32f421_usart.o(.text.usart_smartcard_nack_set), (18 bytes).
    Removing at32f421_usart.o(.ARM.exidx.text.usart_smartcard_nack_set), (8 bytes).
    Removing at32f421_usart.o(.text.usart_single_line_halfduplex_select), (18 bytes).
    Removing at32f421_usart.o(.ARM.exidx.text.usart_single_line_halfduplex_select), (8 bytes).
    Removing at32f421_usart.o(.text.usart_irda_mode_enable), (18 bytes).
    Removing at32f421_usart.o(.ARM.exidx.text.usart_irda_mode_enable), (8 bytes).
    Removing at32f421_usart.o(.text.usart_irda_low_power_enable), (18 bytes).
    Removing at32f421_usart.o(.ARM.exidx.text.usart_irda_low_power_enable), (8 bytes).
    Removing at32f421_usart.o(.text.usart_hardware_flow_control_set), (62 bytes).
    Removing at32f421_usart.o(.ARM.exidx.text.usart_hardware_flow_control_set), (8 bytes).
    Removing at32f421_usart.o(.text.usart_transmit_receive_pin_swap), (18 bytes).
    Removing at32f421_usart.o(.ARM.exidx.text.usart_transmit_receive_pin_swap), (8 bytes).
    Removing at32f421_usart.o(.text.usart_flag_get), (10 bytes).
    Removing at32f421_usart.o(.ARM.exidx.text.usart_flag_get), (8 bytes).
    Removing at32f421_usart.o(.text.usart_flag_clear), (14 bytes).
    Removing at32f421_usart.o(.ARM.exidx.text.usart_flag_clear), (8 bytes).
    Removing at32f421_wdt.o(.text), (0 bytes).
    Removing at32f421_wdt.o(.text.wdt_enable), (16 bytes).
    Removing at32f421_wdt.o(.ARM.exidx.text.wdt_enable), (8 bytes).
    Removing at32f421_wdt.o(.text.wdt_counter_reload), (16 bytes).
    Removing at32f421_wdt.o(.ARM.exidx.text.wdt_counter_reload), (8 bytes).
    Removing at32f421_wdt.o(.text.wdt_reload_value_set), (12 bytes).
    Removing at32f421_wdt.o(.ARM.exidx.text.wdt_reload_value_set), (8 bytes).
    Removing at32f421_wdt.o(.text.wdt_divider_set), (16 bytes).
    Removing at32f421_wdt.o(.ARM.exidx.text.wdt_divider_set), (8 bytes).
    Removing at32f421_wdt.o(.text.wdt_register_write_enable), (20 bytes).
    Removing at32f421_wdt.o(.ARM.exidx.text.wdt_register_write_enable), (8 bytes).
    Removing at32f421_wdt.o(.text.wdt_flag_get), (16 bytes).
    Removing at32f421_wdt.o(.ARM.exidx.text.wdt_flag_get), (8 bytes).
    Removing at32f421_wwdt.o(.text), (0 bytes).
    Removing at32f421_wwdt.o(.text.wwdt_reset), (28 bytes).
    Removing at32f421_wwdt.o(.ARM.exidx.text.wwdt_reset), (8 bytes).
    Removing at32f421_wwdt.o(.text.wwdt_divider_set), (24 bytes).
    Removing at32f421_wwdt.o(.ARM.exidx.text.wwdt_divider_set), (8 bytes).
    Removing at32f421_wwdt.o(.text.wwdt_flag_clear), (12 bytes).
    Removing at32f421_wwdt.o(.ARM.exidx.text.wwdt_flag_clear), (8 bytes).
    Removing at32f421_wwdt.o(.text.wwdt_enable), (16 bytes).
    Removing at32f421_wwdt.o(.ARM.exidx.text.wwdt_enable), (8 bytes).
    Removing at32f421_wwdt.o(.text.wwdt_interrupt_enable), (16 bytes).
    Removing at32f421_wwdt.o(.ARM.exidx.text.wwdt_interrupt_enable), (8 bytes).
    Removing at32f421_wwdt.o(.text.wwdt_flag_get), (16 bytes).
    Removing at32f421_wwdt.o(.ARM.exidx.text.wwdt_flag_get), (8 bytes).
    Removing at32f421_wwdt.o(.text.wwdt_counter_set), (12 bytes).
    Removing at32f421_wwdt.o(.ARM.exidx.text.wwdt_counter_set), (8 bytes).
    Removing at32f421_wwdt.o(.text.wwdt_window_counter_set), (12 bytes).
    Removing at32f421_wwdt.o(.ARM.exidx.text.wwdt_window_counter_set), (8 bytes).
    Removing at32f421_wwdt.o(.text.OUTLINED_FUNCTION_0), (10 bytes).
    Removing at32f421_wwdt.o(.ARM.exidx.text.OUTLINED_FUNCTION_0), (8 bytes).

871 unused section(s) (total 17305 bytes) removed from the image.

==============================================================================

Image Symbol Table

    Local Symbols

    Symbol Name                              Value     Ov Type        Size  Object(Section)

    ../clib/angel/boardlib.s                 0x00000000   Number         0  boardinit1.o ABSOLUTE
    ../clib/angel/boardlib.s                 0x00000000   Number         0  boardinit2.o ABSOLUTE
    ../clib/angel/boardlib.s                 0x00000000   Number         0  boardinit3.o ABSOLUTE
    ../clib/angel/boardlib.s                 0x00000000   Number         0  boardshut.o ABSOLUTE
    ../clib/angel/handlers.s                 0x00000000   Number         0  __scatter_copy.o ABSOLUTE
    ../clib/angel/handlers.s                 0x00000000   Number         0  __scatter_zi.o ABSOLUTE
    ../clib/angel/kernel.s                   0x00000000   Number         0  __rtentry.o ABSOLUTE
    ../clib/angel/kernel.s                   0x00000000   Number         0  __rtentry2.o ABSOLUTE
    ../clib/angel/kernel.s                   0x00000000   Number         0  __rtentry4.o ABSOLUTE
    ../clib/angel/kernel.s                   0x00000000   Number         0  rtexit.o ABSOLUTE
    ../clib/angel/kernel.s                   0x00000000   Number         0  rtexit2.o ABSOLUTE
    ../clib/angel/rt.s                       0x00000000   Number         0  rt_raise.o ABSOLUTE
    ../clib/angel/scatter.s                  0x00000000   Number         0  __scatter.o ABSOLUTE
    ../clib/angel/startup.s                  0x00000000   Number         0  __main.o ABSOLUTE
    ../clib/angel/sys.s                      0x00000000   Number         0  sys_stackheap_outer.o ABSOLUTE
    ../clib/angel/sys.s                      0x00000000   Number         0  libspace.o ABSOLUTE
    ../clib/angel/sys.s                      0x00000000   Number         0  use_no_semi.o ABSOLUTE
    ../clib/angel/sys.s                      0x00000000   Number         0  indicate_semi.o ABSOLUTE
    ../clib/angel/sysapp.c                   0x00000000   Number         0  sys_exit.o ABSOLUTE
    ../clib/angel/sysapp.c                   0x00000000   Number         0  sys_exit_hlt.o ABSOLUTE
    ../clib/angel/sysapp.c                   0x00000000   Number         0  sys_command.o ABSOLUTE
    ../clib/angel/sysapp.c                   0x00000000   Number         0  sys_command_hlt.o ABSOLUTE
    ../clib/angel/sysapp.c                   0x00000000   Number         0  sys_wrch.o ABSOLUTE
    ../clib/angel/sysapp.c                   0x00000000   Number         0  sys_wrch_hlt.o ABSOLUTE
    ../clib/armsys.c                         0x00000000   Number         0  argv_veneer.o ABSOLUTE
    ../clib/armsys.c                         0x00000000   Number         0  argv_veneer.o ABSOLUTE
    ../clib/armsys.c                         0x00000000   Number         0  _get_argv_nomalloc.o ABSOLUTE
    ../clib/armsys.c                         0x00000000   Number         0  no_argv.o ABSOLUTE
    ../clib/heapalloc.c                      0x00000000   Number         0  hrguard.o ABSOLUTE
    ../clib/heapaux.c                        0x00000000   Number         0  heapauxi.o ABSOLUTE
    ../clib/libinit.s                        0x00000000   Number         0  libinit.o ABSOLUTE
    ../clib/libinit.s                        0x00000000   Number         0  libinit2.o ABSOLUTE
    ../clib/libinit.s                        0x00000000   Number         0  libshutdown.o ABSOLUTE
    ../clib/libinit.s                        0x00000000   Number         0  libshutdown2.o ABSOLUTE
    ../clib/memcpset.s                       0x00000000   Number         0  rt_memclr.o ABSOLUTE
    ../clib/memcpset.s                       0x00000000   Number         0  rt_memclr_w.o ABSOLUTE
    ../clib/signal.c                         0x00000000   Number         0  defsig_rtmem_outer.o ABSOLUTE
    ../clib/signal.c                         0x00000000   Number         0  defsig_rtmem_formal.o ABSOLUTE
    ../clib/signal.c                         0x00000000   Number         0  defsig_exit.o ABSOLUTE
    ../clib/signal.c                         0x00000000   Number         0  defsig_rtmem_inner.o ABSOLUTE
    ../clib/signal.c                         0x00000000   Number         0  __raise.o ABSOLUTE
    ../clib/signal.c                         0x00000000   Number         0  defsig_general.o ABSOLUTE
    ../clib/signal.c                         0x00000000   Number         0  defsig_abrt_inner.o ABSOLUTE
    ../clib/signal.c                         0x00000000   Number         0  defsig_fpe_inner.o ABSOLUTE
    ../clib/signal.c                         0x00000000   Number         0  defsig_rtred_inner.o ABSOLUTE
    ../clib/signal.c                         0x00000000   Number         0  defsig_stak_inner.o ABSOLUTE
    ../clib/signal.c                         0x00000000   Number         0  defsig_pvfn_inner.o ABSOLUTE
    ../clib/signal.c                         0x00000000   Number         0  defsig_cppl_inner.o ABSOLUTE
    ../clib/signal.c                         0x00000000   Number         0  defsig_segv_inner.o ABSOLUTE
    ../clib/signal.c                         0x00000000   Number         0  defsig_other.o ABSOLUTE
    ../clib/signal.s                         0x00000000   Number         0  defsig.o ABSOLUTE
    ../clib/stdlib.c                         0x00000000   Number         0  exit.o ABSOLUTE
    ../fplib/fpinit.s                        0x00000000   Number         0  fpinit.o ABSOLUTE
    ../fplib/fpinit_empty.s                  0x00000000   Number         0  fpinit_empty.o ABSOLUTE
    CMSIS/CM4/DeviceSupport/startup/mdk/startup_at32f421.s 0x00000000   Number         0  startup_at32f421.o ABSOLUTE
    Src/AT32F4xx_OPT.s                       0x00000000   Number         0  at32f4xx_opt.o ABSOLUTE
    at32f421_adc.c                           0x00000000   Number         0  at32f421_adc.o ABSOLUTE
    at32f421_cmp.c                           0x00000000   Number         0  at32f421_cmp.o ABSOLUTE
    at32f421_crc.c                           0x00000000   Number         0  at32f421_crc.o ABSOLUTE
    at32f421_crm.c                           0x00000000   Number         0  at32f421_crm.o ABSOLUTE
    at32f421_debug.c                         0x00000000   Number         0  at32f421_debug.o ABSOLUTE
    at32f421_dma.c                           0x00000000   Number         0  at32f421_dma.o ABSOLUTE
    at32f421_ertc.c                          0x00000000   Number         0  at32f421_ertc.o ABSOLUTE
    at32f421_exint.c                         0x00000000   Number         0  at32f421_exint.o ABSOLUTE
    at32f421_flash.c                         0x00000000   Number         0  at32f421_flash.o ABSOLUTE
    at32f421_gpio.c                          0x00000000   Number         0  at32f421_gpio.o ABSOLUTE
    at32f421_i2c.c                           0x00000000   Number         0  at32f421_i2c.o ABSOLUTE
    at32f421_misc.c                          0x00000000   Number         0  at32f421_misc.o ABSOLUTE
    at32f421_pwc.c                           0x00000000   Number         0  at32f421_pwc.o ABSOLUTE
    at32f421_scfg.c                          0x00000000   Number         0  at32f421_scfg.o ABSOLUTE
    at32f421_spi.c                           0x00000000   Number         0  at32f421_spi.o ABSOLUTE
    at32f421_tmr.c                           0x00000000   Number         0  at32f421_tmr.o ABSOLUTE
    at32f421_usart.c                         0x00000000   Number         0  at32f421_usart.o ABSOLUTE
    at32f421_wdt.c                           0x00000000   Number         0  at32f421_wdt.o ABSOLUTE
    at32f421_wwdt.c                          0x00000000   Number         0  at32f421_wwdt.o ABSOLUTE
    at32f4xx_it.c                            0x00000000   Number         0  at32f4xx_it.o ABSOLUTE
    dc.s                                     0x00000000   Number         0  dc.o ABSOLUTE
    eeprom.c                                 0x00000000   Number         0  eeprom.o ABSOLUTE
    main.c                                   0x00000000   Number         0  main.o ABSOLUTE
    system_at32f421.c                        0x00000000   Number         0  system_at32f421.o ABSOLUTE
    RESET                                    0x08000000   Section      204  startup_at32f421.o(RESET)
    !!!main                                  0x080000cc   Section        8  __main.o(!!!main)
    !!!scatter                               0x080000d4   Section       52  __scatter.o(!!!scatter)
    !!handler_copy                           0x08000108   Section       26  __scatter_copy.o(!!handler_copy)
    !!handler_zi                             0x08000124   Section       28  __scatter_zi.o(!!handler_zi)
    .ARM.Collect$$libinit$$00000000          0x08000140   Section        2  libinit.o(.ARM.Collect$$libinit$$00000000)
    .ARM.Collect$$libinit$$00000002          0x08000142   Section        0  libinit2.o(.ARM.Collect$$libinit$$00000002)
    .ARM.Collect$$libinit$$00000004          0x08000142   Section        0  libinit2.o(.ARM.Collect$$libinit$$00000004)
    .ARM.Collect$$libinit$$0000000A          0x08000142   Section        0  libinit2.o(.ARM.Collect$$libinit$$0000000A)
    .ARM.Collect$$libinit$$0000000C          0x08000142   Section        0  libinit2.o(.ARM.Collect$$libinit$$0000000C)
    .ARM.Collect$$libinit$$0000000E          0x08000142   Section        0  libinit2.o(.ARM.Collect$$libinit$$0000000E)
    .ARM.Collect$$libinit$$00000011          0x08000142   Section        0  libinit2.o(.ARM.Collect$$libinit$$00000011)
    .ARM.Collect$$libinit$$00000013          0x08000142   Section        0  libinit2.o(.ARM.Collect$$libinit$$00000013)
    .ARM.Collect$$libinit$$00000015          0x08000142   Section        0  libinit2.o(.ARM.Collect$$libinit$$00000015)
    .ARM.Collect$$libinit$$00000017          0x08000142   Section        0  libinit2.o(.ARM.Collect$$libinit$$00000017)
    .ARM.Collect$$libinit$$00000019          0x08000142   Section        0  libinit2.o(.ARM.Collect$$libinit$$00000019)
    .ARM.Collect$$libinit$$0000001B          0x08000142   Section        0  libinit2.o(.ARM.Collect$$libinit$$0000001B)
    .ARM.Collect$$libinit$$0000001D          0x08000142   Section        0  libinit2.o(.ARM.Collect$$libinit$$0000001D)
    .ARM.Collect$$libinit$$0000001F          0x08000142   Section        0  libinit2.o(.ARM.Collect$$libinit$$0000001F)
    .ARM.Collect$$libinit$$00000021          0x08000142   Section        0  libinit2.o(.ARM.Collect$$libinit$$00000021)
    .ARM.Collect$$libinit$$00000023          0x08000142   Section        0  libinit2.o(.ARM.Collect$$libinit$$00000023)
    .ARM.Collect$$libinit$$00000025          0x08000142   Section        0  libinit2.o(.ARM.Collect$$libinit$$00000025)
    .ARM.Collect$$libinit$$0000002C          0x08000142   Section        0  libinit2.o(.ARM.Collect$$libinit$$0000002C)
    .ARM.Collect$$libinit$$0000002E          0x08000142   Section        0  libinit2.o(.ARM.Collect$$libinit$$0000002E)
    .ARM.Collect$$libinit$$00000030          0x08000142   Section        0  libinit2.o(.ARM.Collect$$libinit$$00000030)
    .ARM.Collect$$libinit$$00000032          0x08000142   Section        0  libinit2.o(.ARM.Collect$$libinit$$00000032)
    .ARM.Collect$$libinit$$00000033          0x08000142   Section        2  libinit2.o(.ARM.Collect$$libinit$$00000033)
    .ARM.Collect$$libshutdown$$00000000      0x08000144   Section        2  libshutdown.o(.ARM.Collect$$libshutdown$$00000000)
    .ARM.Collect$$libshutdown$$00000002      0x08000146   Section        0  libshutdown2.o(.ARM.Collect$$libshutdown$$00000002)
    .ARM.Collect$$libshutdown$$00000004      0x08000146   Section        0  libshutdown2.o(.ARM.Collect$$libshutdown$$00000004)
    .ARM.Collect$$libshutdown$$00000007      0x08000146   Section        0  libshutdown2.o(.ARM.Collect$$libshutdown$$00000007)
    .ARM.Collect$$libshutdown$$0000000A      0x08000146   Section        0  libshutdown2.o(.ARM.Collect$$libshutdown$$0000000A)
    .ARM.Collect$$libshutdown$$0000000C      0x08000146   Section        0  libshutdown2.o(.ARM.Collect$$libshutdown$$0000000C)
    .ARM.Collect$$libshutdown$$0000000F      0x08000146   Section        0  libshutdown2.o(.ARM.Collect$$libshutdown$$0000000F)
    .ARM.Collect$$libshutdown$$00000010      0x08000146   Section        2  libshutdown2.o(.ARM.Collect$$libshutdown$$00000010)
    .ARM.Collect$$rtentry$$00000000          0x08000148   Section        0  __rtentry.o(.ARM.Collect$$rtentry$$00000000)
    .ARM.Collect$$rtentry$$00000002          0x08000148   Section        0  __rtentry2.o(.ARM.Collect$$rtentry$$00000002)
    .ARM.Collect$$rtentry$$00000004          0x08000148   Section        6  __rtentry4.o(.ARM.Collect$$rtentry$$00000004)
    .ARM.Collect$$rtentry$$00000009          0x0800014e   Section        0  __rtentry2.o(.ARM.Collect$$rtentry$$00000009)
    .ARM.Collect$$rtentry$$0000000A          0x0800014e   Section        4  __rtentry2.o(.ARM.Collect$$rtentry$$0000000A)
    .ARM.Collect$$rtentry$$0000000C          0x08000152   Section        0  __rtentry2.o(.ARM.Collect$$rtentry$$0000000C)
    .ARM.Collect$$rtentry$$0000000D          0x08000152   Section        8  __rtentry2.o(.ARM.Collect$$rtentry$$0000000D)
    .ARM.Collect$$rtexit$$00000000           0x0800015a   Section        2  rtexit.o(.ARM.Collect$$rtexit$$00000000)
    .ARM.Collect$$rtexit$$00000002           0x0800015c   Section        0  rtexit2.o(.ARM.Collect$$rtexit$$00000002)
    .ARM.Collect$$rtexit$$00000003           0x0800015c   Section        4  rtexit2.o(.ARM.Collect$$rtexit$$00000003)
    .ARM.Collect$$rtexit$$00000004           0x08000160   Section        6  rtexit2.o(.ARM.Collect$$rtexit$$00000004)
    .text                                    0x08000168   Section       64  startup_at32f421.o(.text)
    .text                                    0x080001a8   Section       68  rt_memclr.o(.text)
    .text                                    0x080001ec   Section       78  rt_memclr_w.o(.text)
    .text                                    0x0800023a   Section        0  heapauxi.o(.text)
    .text                                    0x08000240   Section       74  sys_stackheap_outer.o(.text)
    .text                                    0x0800028a   Section        0  exit.o(.text)
    .text                                    0x0800029c   Section        8  libspace.o(.text)
    .text                                    0x080002a4   Section        0  sys_exit.o(.text)
    .text                                    0x080002b0   Section        2  use_no_semi.o(.text)
    [Anonymous Symbol]                       0x080002b2   Section        0  at32f4xx_it.o(.text.BusFault_Handler)
    .text                                    0x080002b2   Section        0  indicate_semi.o(.text)
    [Anonymous Symbol]                       0x080002b4   Section        0  at32f4xx_it.o(.text.DebugMon_Handler)
    [Anonymous Symbol]                       0x080002b6   Section        0  at32f4xx_it.o(.text.HardFault_Handler)
    [Anonymous Symbol]                       0x080002b8   Section        0  at32f4xx_it.o(.text.MemManage_Handler)
    [Anonymous Symbol]                       0x080002ba   Section        0  at32f4xx_it.o(.text.NMI_Handler)
    OUTLINED_FUNCTION_0                      0x080002bd   Thumb Code    24  main.o(.text.OUTLINED_FUNCTION_0)
    [Anonymous Symbol]                       0x080002bc   Section        0  main.o(.text.OUTLINED_FUNCTION_0)
    OUTLINED_FUNCTION_0                      0x080002d5   Thumb Code    16  at32f421_flash.o(.text.OUTLINED_FUNCTION_0)
    [Anonymous Symbol]                       0x080002d4   Section        0  at32f421_flash.o(.text.OUTLINED_FUNCTION_0)
    OUTLINED_FUNCTION_1                      0x080002e5   Thumb Code    12  main.o(.text.OUTLINED_FUNCTION_1)
    [Anonymous Symbol]                       0x080002e4   Section        0  main.o(.text.OUTLINED_FUNCTION_1)
    OUTLINED_FUNCTION_1                      0x080002f1   Thumb Code     8  at32f421_flash.o(.text.OUTLINED_FUNCTION_1)
    [Anonymous Symbol]                       0x080002f0   Section        0  at32f421_flash.o(.text.OUTLINED_FUNCTION_1)
    OUTLINED_FUNCTION_2                      0x080002f9   Thumb Code    14  main.o(.text.OUTLINED_FUNCTION_2)
    [Anonymous Symbol]                       0x080002f8   Section        0  main.o(.text.OUTLINED_FUNCTION_2)
    OUTLINED_FUNCTION_3                      0x08000307   Thumb Code    14  main.o(.text.OUTLINED_FUNCTION_3)
    [Anonymous Symbol]                       0x08000306   Section        0  main.o(.text.OUTLINED_FUNCTION_3)
    OUTLINED_FUNCTION_3                      0x08000315   Thumb Code    10  at32f421_flash.o(.text.OUTLINED_FUNCTION_3)
    [Anonymous Symbol]                       0x08000314   Section        0  at32f421_flash.o(.text.OUTLINED_FUNCTION_3)
    OUTLINED_FUNCTION_4                      0x0800031f   Thumb Code    10  main.o(.text.OUTLINED_FUNCTION_4)
    [Anonymous Symbol]                       0x0800031e   Section        0  main.o(.text.OUTLINED_FUNCTION_4)
    OUTLINED_FUNCTION_5                      0x08000329   Thumb Code     8  main.o(.text.OUTLINED_FUNCTION_5)
    [Anonymous Symbol]                       0x08000328   Section        0  main.o(.text.OUTLINED_FUNCTION_5)
    OUTLINED_FUNCTION_6                      0x08000331   Thumb Code    10  at32f421_flash.o(.text.OUTLINED_FUNCTION_6)
    [Anonymous Symbol]                       0x08000330   Section        0  at32f421_flash.o(.text.OUTLINED_FUNCTION_6)
    [Anonymous Symbol]                       0x0800033a   Section        0  at32f4xx_it.o(.text.PendSV_Handler)
    [Anonymous Symbol]                       0x0800033c   Section        0  at32f4xx_it.o(.text.SVC_Handler)
    [Anonymous Symbol]                       0x0800033e   Section        0  at32f4xx_it.o(.text.SysTick_Handler)
    [Anonymous Symbol]                       0x08000340   Section        0  system_at32f421.o(.text.SystemInit)
    __arm_cp.0_2                             0x08000388   Number         4  system_at32f421.o(.text.SystemInit)
    [Anonymous Symbol]                       0x0800038c   Section        0  at32f4xx_it.o(.text.UsageFault_Handler)
    [Anonymous Symbol]                       0x08000390   Section        0  main.o(.text.checkCrc)
    __arm_cp.4_0                             0x080003b0   Number         4  main.o(.text.checkCrc)
    [Anonymous Symbol]                       0x080003b4   Section        0  main.o(.text.checkForSignal)
    __arm_cp.18_0                            0x08000470   Number         4  main.o(.text.checkForSignal)
    __arm_cp.18_1                            0x08000474   Number         4  main.o(.text.checkForSignal)
    __arm_cp.18_2                            0x08000478   Number         4  main.o(.text.checkForSignal)
    [Anonymous Symbol]                       0x0800047c   Section        0  at32f421_crm.o(.text.crm_ahb_div_set)
    [Anonymous Symbol]                       0x08000490   Section        0  at32f421_crm.o(.text.crm_apb1_div_set)
    [Anonymous Symbol]                       0x080004a4   Section        0  at32f421_crm.o(.text.crm_apb2_div_set)
    [Anonymous Symbol]                       0x080004b8   Section        0  at32f421_crm.o(.text.crm_auto_step_mode_enable)
    __arm_cp.27_0                            0x080004cc   Number         4  at32f421_crm.o(.text.crm_auto_step_mode_enable)
    [Anonymous Symbol]                       0x080004d0   Section        0  at32f421_crm.o(.text.crm_clock_source_enable)
    [Anonymous Symbol]                       0x08000528   Section        0  at32f421_crm.o(.text.crm_flag_get)
    [Anonymous Symbol]                       0x0800053c   Section        0  at32f421_crm.o(.text.crm_periph_clock_enable)
    [Anonymous Symbol]                       0x08000558   Section        0  at32f421_crm.o(.text.crm_pll_config)
    [Anonymous Symbol]                       0x080005a4   Section        0  at32f421_crm.o(.text.crm_reset)
    __arm_cp.0_0                             0x080005e4   Number         4  at32f421_crm.o(.text.crm_reset)
    __arm_cp.0_1                             0x080005e8   Number         4  at32f421_crm.o(.text.crm_reset)
    [Anonymous Symbol]                       0x080005ec   Section        0  at32f421_crm.o(.text.crm_sysclk_switch)
    [Anonymous Symbol]                       0x080005f8   Section        0  at32f421_crm.o(.text.crm_sysclk_switch_status_get)
    __arm_cp.23_0                            0x08000604   Number         4  at32f421_crm.o(.text.crm_sysclk_switch_status_get)
    [Anonymous Symbol]                       0x08000608   Section        0  main.o(.text.decodeInput)
    __arm_cp.14_1                            0x08000854   Number         4  main.o(.text.decodeInput)
    __arm_cp.14_2                            0x08000858   Number         4  main.o(.text.decodeInput)
    __arm_cp.14_3                            0x0800085c   Number         4  main.o(.text.decodeInput)
    __arm_cp.14_4                            0x08000860   Number         4  main.o(.text.decodeInput)
    [Anonymous Symbol]                       0x08000864   Section        0  main.o(.text.delayMicroseconds)
    [Anonymous Symbol]                       0x08000874   Section        0  at32f421_flash.o(.text.flash_flag_clear)
    [Anonymous Symbol]                       0x0800087c   Section        0  at32f421_flash.o(.text.flash_lock)
    [Anonymous Symbol]                       0x08000888   Section        0  at32f421_flash.o(.text.flash_operation_status_get)
    __arm_cp.2_0                             0x080008ac   Number         4  at32f421_flash.o(.text.flash_operation_status_get)
    [Anonymous Symbol]                       0x080008b0   Section        0  at32f421_flash.o(.text.flash_operation_wait_for)
    [Anonymous Symbol]                       0x080008cc   Section        0  at32f421_flash.o(.text.flash_sector_erase)
    [Anonymous Symbol]                       0x080008e8   Section        0  at32f421_flash.o(.text.flash_unlock)
    __arm_cp.4_0                             0x080008f4   Number         4  at32f421_flash.o(.text.flash_unlock)
    __arm_cp.4_1                             0x080008f8   Number         4  at32f421_flash.o(.text.flash_unlock)
    __arm_cp.4_2                             0x080008fc   Number         4  at32f421_flash.o(.text.flash_unlock)
    [Anonymous Symbol]                       0x08000900   Section        0  at32f421_flash.o(.text.flash_word_program)
    __arm_cp.10_0                            0x08000914   Number         4  at32f421_flash.o(.text.flash_word_program)
    [Anonymous Symbol]                       0x08000918   Section        0  at32f421_gpio.o(.text.gpio_default_para_init)
    [Anonymous Symbol]                       0x08000926   Section        0  at32f421_gpio.o(.text.gpio_init)
    [Anonymous Symbol]                       0x0800099c   Section        0  main.o(.text.jump)
    __arm_cp.2_1                             0x080009d0   Number         4  main.o(.text.jump)
    __arm_cp.2_2                             0x080009d4   Number         4  main.o(.text.jump)
    __arm_cp.2_3                             0x080009d8   Number         4  main.o(.text.jump)
    [Anonymous Symbol]                       0x080009dc   Section        0  main.o(.text.main)
    __arm_cp.19_0                            0x08000ad0   Number         4  main.o(.text.main)
    __arm_cp.19_2                            0x08000ad4   Number         4  main.o(.text.main)
    __arm_cp.19_3                            0x08000ad8   Number         4  main.o(.text.main)
    __arm_cp.19_4                            0x08000adc   Number         4  main.o(.text.main)
    __arm_cp.19_5                            0x08000ae0   Number         4  main.o(.text.main)
    __arm_cp.19_6                            0x08000ae4   Number         4  main.o(.text.main)
    [Anonymous Symbol]                       0x08000ae8   Section        0  main.o(.text.makeCrc)
    __arm_cp.3_0                             0x08000b24   Number         4  main.o(.text.makeCrc)
    [Anonymous Symbol]                       0x08000b28   Section        0  eeprom.o(.text.read_flash_bin)
    [Anonymous Symbol]                       0x08000b3c   Section        0  main.o(.text.recieveBuffer)
    __arm_cp.16_1                            0x08000bb0   Number         4  main.o(.text.recieveBuffer)
    __arm_cp.16_2                            0x08000bb4   Number         4  main.o(.text.recieveBuffer)
    __arm_cp.16_4                            0x08000bb8   Number         4  main.o(.text.recieveBuffer)
    [Anonymous Symbol]                       0x08000bbc   Section        0  eeprom.o(.text.save_flash_nolib)
    [Anonymous Symbol]                       0x08000c50   Section        0  main.o(.text.sendDeviceInfo)
    __arm_cp.11_1                            0x08000c7c   Number         4  main.o(.text.sendDeviceInfo)
    [Anonymous Symbol]                       0x08000c80   Section        0  main.o(.text.sendString)
    [Anonymous Symbol]                       0x08000ca0   Section        0  main.o(.text.send_ACK)
    [Anonymous Symbol]                       0x08000cc0   Section        0  main.o(.text.send_BAD_ACK)
    [Anonymous Symbol]                       0x08000cd4   Section        0  main.o(.text.send_BAD_CRC_ACK)
    [Anonymous Symbol]                       0x08000cf4   Section        0  main.o(.text.serialreadChar)
    __arm_cp.15_0                            0x08000d60   Number         4  main.o(.text.serialreadChar)
    __arm_cp.15_1                            0x08000d64   Number         4  main.o(.text.serialreadChar)
    __arm_cp.15_2                            0x08000d68   Number         4  main.o(.text.serialreadChar)
    [Anonymous Symbol]                       0x08000d6c   Section        0  main.o(.text.serialwriteChar)
    __arm_cp.8_0                             0x08000d98   Number         4  main.o(.text.serialwriteChar)
    [Anonymous Symbol]                       0x08000d9c   Section        0  system_at32f421.o(.text.system_core_clock_update)
    __arm_cp.1_0                             0x08000e38   Number         4  system_at32f421.o(.text.system_core_clock_update)
    __arm_cp.1_1                             0x08000e3c   Number         4  system_at32f421.o(.text.system_core_clock_update)
    __arm_cp.1_2                             0x08000e40   Number         4  system_at32f421.o(.text.system_core_clock_update)
    __arm_cp.1_3                             0x08000e44   Number         4  system_at32f421.o(.text.system_core_clock_update)
    __arm_cp.1_4                             0x08000e48   Number         4  system_at32f421.o(.text.system_core_clock_update)
    system_core_clock_update.sys_ahb_div_table 0x08000e4c   Number         0  system_at32f421.o(.text.system_core_clock_update)
    .ARM.__AT_0x1FFFF800                     0x1ffff800   Section       12  at32f4xx_opt.o(.ARM.__AT_0x1FFFF800)
    [Anonymous Symbol]                       0x20000000   Section        0  main.o(.data..L_MergedGlobals)
    .bss                                     0x20000018   Section       96  libspace.o(.bss)
    [Anonymous Symbol]                       0x20000078   Section        0  main.o(.bss..L_MergedGlobals.1)
    Heap_Mem                                 0x200002a8   Data         512  startup_at32f421.o(HEAP)
    HEAP                                     0x200002a8   Section      512  startup_at32f421.o(HEAP)
    Stack_Mem                                0x200004a8   Data        1024  startup_at32f421.o(STACK)
    STACK                                    0x200004a8   Section     1024  startup_at32f421.o(STACK)
    __initial_sp                             0x200008a8   Data           0  startup_at32f421.o(STACK)

    Global Symbols

    Symbol Name                              Value     Ov Type        Size  Object(Section)

    BuildAttributes$$THM_ISAv4$E$P$D$K$B$S$7EM$PE$A:L22UL41UL21$X:L11$S22US41US21$IEEE1$IW$~IW$USESV6$~STKCKD$USESV7$~SHL$OSPACE$ROPI$EBA8$UX$STANDARDLIB$REQ8$PRES8$EABIv2 0x00000000   Number         0  anon$$obj.o ABSOLUTE
    __fp_init_empty                          0x00000000   Number         0  fpinit_empty.o ABSOLUTE
    __ARM_exceptions_init                     - Undefined Weak Reference
    __alloca_initialize                       - Undefined Weak Reference
    __arm_preinit_                            - Undefined Weak Reference
    __cpp_initialize__aeabi_                  - Undefined Weak Reference
    __cxa_finalize                            - Undefined Weak Reference
    __rt_locale                               - Undefined Weak Reference
    __sigvec_lookup                           - Undefined Weak Reference
    _atexit_init                              - Undefined Weak Reference
    _call_atexit_fns                          - Undefined Weak Reference
    _clock_init                               - Undefined Weak Reference
    _fp_trap_init                             - Undefined Weak Reference
    _fp_trap_shutdown                         - Undefined Weak Reference
    _get_lc_collate                           - Undefined Weak Reference
    _get_lc_ctype                             - Undefined Weak Reference
    _get_lc_monetary                          - Undefined Weak Reference
    _get_lc_numeric                           - Undefined Weak Reference
    _get_lc_time                              - Undefined Weak Reference
    _getenv_init                              - Undefined Weak Reference
    _handle_redirection                       - Undefined Weak Reference
    _init_alloc                               - Undefined Weak Reference
    _init_user_alloc                          - Undefined Weak Reference
    _initio                                   - Undefined Weak Reference
    _rand_init                                - Undefined Weak Reference
    _signal_finish                            - Undefined Weak Reference
    _signal_init                              - Undefined Weak Reference
    _terminate_alloc                          - Undefined Weak Reference
    _terminate_user_alloc                     - Undefined Weak Reference
    _terminateio                              - Undefined Weak Reference
    __Vectors_Size                           0x000000cc   Number         0  startup_at32f421.o ABSOLUTE
    __Vectors                                0x08000000   Data           4  startup_at32f421.o(RESET)
    __Vectors_End                            0x080000cc   Data           0  startup_at32f421.o(RESET)
    __main                                   0x080000cd   Thumb Code     8  __main.o(!!!main)
    __scatterload                            0x080000d5   Thumb Code     0  __scatter.o(!!!scatter)
    __scatterload_rt2                        0x080000d5   Thumb Code    44  __scatter.o(!!!scatter)
    __scatterload_rt2_thumb_only             0x080000d5   Thumb Code     0  __scatter.o(!!!scatter)
    __scatterload_null                       0x080000e3   Thumb Code     0  __scatter.o(!!!scatter)
    __scatterload_copy                       0x08000109   Thumb Code    26  __scatter_copy.o(!!handler_copy)
    __scatterload_zeroinit                   0x08000125   Thumb Code    28  __scatter_zi.o(!!handler_zi)
    __rt_lib_init                            0x08000141   Thumb Code     0  libinit.o(.ARM.Collect$$libinit$$00000000)
    __rt_lib_init_alloca_1                   0x08000143   Thumb Code     0  libinit2.o(.ARM.Collect$$libinit$$0000002E)
    __rt_lib_init_argv_1                     0x08000143   Thumb Code     0  libinit2.o(.ARM.Collect$$libinit$$0000002C)
    __rt_lib_init_atexit_1                   0x08000143   Thumb Code     0  libinit2.o(.ARM.Collect$$libinit$$0000001B)
    __rt_lib_init_clock_1                    0x08000143   Thumb Code     0  libinit2.o(.ARM.Collect$$libinit$$00000021)
    __rt_lib_init_cpp_1                      0x08000143   Thumb Code     0  libinit2.o(.ARM.Collect$$libinit$$00000032)
    __rt_lib_init_exceptions_1               0x08000143   Thumb Code     0  libinit2.o(.ARM.Collect$$libinit$$00000030)
    __rt_lib_init_fp_1                       0x08000143   Thumb Code     0  libinit2.o(.ARM.Collect$$libinit$$00000002)
    __rt_lib_init_fp_trap_1                  0x08000143   Thumb Code     0  libinit2.o(.ARM.Collect$$libinit$$0000001F)
    __rt_lib_init_getenv_1                   0x08000143   Thumb Code     0  libinit2.o(.ARM.Collect$$libinit$$00000023)
    __rt_lib_init_heap_1                     0x08000143   Thumb Code     0  libinit2.o(.ARM.Collect$$libinit$$0000000A)
    __rt_lib_init_lc_collate_1               0x08000143   Thumb Code     0  libinit2.o(.ARM.Collect$$libinit$$00000011)
    __rt_lib_init_lc_ctype_1                 0x08000143   Thumb Code     0  libinit2.o(.ARM.Collect$$libinit$$00000013)
    __rt_lib_init_lc_monetary_1              0x08000143   Thumb Code     0  libinit2.o(.ARM.Collect$$libinit$$00000015)
    __rt_lib_init_lc_numeric_1               0x08000143   Thumb Code     0  libinit2.o(.ARM.Collect$$libinit$$00000017)
    __rt_lib_init_lc_time_1                  0x08000143   Thumb Code     0  libinit2.o(.ARM.Collect$$libinit$$00000019)
    __rt_lib_init_preinit_1                  0x08000143   Thumb Code     0  libinit2.o(.ARM.Collect$$libinit$$00000004)
    __rt_lib_init_rand_1                     0x08000143   Thumb Code     0  libinit2.o(.ARM.Collect$$libinit$$0000000E)
    __rt_lib_init_return                     0x08000143   Thumb Code     0  libinit2.o(.ARM.Collect$$libinit$$00000033)
    __rt_lib_init_signal_1                   0x08000143   Thumb Code     0  libinit2.o(.ARM.Collect$$libinit$$0000001D)
    __rt_lib_init_stdio_1                    0x08000143   Thumb Code     0  libinit2.o(.ARM.Collect$$libinit$$00000025)
    __rt_lib_init_user_alloc_1               0x08000143   Thumb Code     0  libinit2.o(.ARM.Collect$$libinit$$0000000C)
    __rt_lib_shutdown                        0x08000145   Thumb Code     0  libshutdown.o(.ARM.Collect$$libshutdown$$00000000)
    __rt_lib_shutdown_cpp_1                  0x08000147   Thumb Code     0  libshutdown2.o(.ARM.Collect$$libshutdown$$00000002)
    __rt_lib_shutdown_fp_trap_1              0x08000147   Thumb Code     0  libshutdown2.o(.ARM.Collect$$libshutdown$$00000007)
    __rt_lib_shutdown_heap_1                 0x08000147   Thumb Code     0  libshutdown2.o(.ARM.Collect$$libshutdown$$0000000F)
    __rt_lib_shutdown_return                 0x08000147   Thumb Code     0  libshutdown2.o(.ARM.Collect$$libshutdown$$00000010)
    __rt_lib_shutdown_signal_1               0x08000147   Thumb Code     0  libshutdown2.o(.ARM.Collect$$libshutdown$$0000000A)
    __rt_lib_shutdown_stdio_1                0x08000147   Thumb Code     0  libshutdown2.o(.ARM.Collect$$libshutdown$$00000004)
    __rt_lib_shutdown_user_alloc_1           0x08000147   Thumb Code     0  libshutdown2.o(.ARM.Collect$$libshutdown$$0000000C)
    __rt_entry                               0x08000149   Thumb Code     0  __rtentry.o(.ARM.Collect$$rtentry$$00000000)
    __rt_entry_presh_1                       0x08000149   Thumb Code     0  __rtentry2.o(.ARM.Collect$$rtentry$$00000002)
    __rt_entry_sh                            0x08000149   Thumb Code     0  __rtentry4.o(.ARM.Collect$$rtentry$$00000004)
    __rt_entry_li                            0x0800014f   Thumb Code     0  __rtentry2.o(.ARM.Collect$$rtentry$$0000000A)
    __rt_entry_postsh_1                      0x0800014f   Thumb Code     0  __rtentry2.o(.ARM.Collect$$rtentry$$00000009)
    __rt_entry_main                          0x08000153   Thumb Code     0  __rtentry2.o(.ARM.Collect$$rtentry$$0000000D)
    __rt_entry_postli_1                      0x08000153   Thumb Code     0  __rtentry2.o(.ARM.Collect$$rtentry$$0000000C)
    __rt_exit                                0x0800015b   Thumb Code     0  rtexit.o(.ARM.Collect$$rtexit$$00000000)
    __rt_exit_ls                             0x0800015d   Thumb Code     0  rtexit2.o(.ARM.Collect$$rtexit$$00000003)
    __rt_exit_prels_1                        0x0800015d   Thumb Code     0  rtexit2.o(.ARM.Collect$$rtexit$$00000002)
    __rt_exit_exit                           0x08000161   Thumb Code     0  rtexit2.o(.ARM.Collect$$rtexit$$00000004)
    Reset_Handler                            0x08000169   Thumb Code     8  startup_at32f421.o(.text)
    ADC1_CMP_IRQHandler                      0x08000183   Thumb Code     0  startup_at32f421.o(.text)
    CRM_IRQHandler                           0x08000183   Thumb Code     0  startup_at32f421.o(.text)
    DMA1_Channel1_IRQHandler                 0x08000183   Thumb Code     0  startup_at32f421.o(.text)
    DMA1_Channel3_2_IRQHandler               0x08000183   Thumb Code     0  startup_at32f421.o(.text)
    DMA1_Channel5_4_IRQHandler               0x08000183   Thumb Code     0  startup_at32f421.o(.text)
    ERTC_IRQHandler                          0x08000183   Thumb Code     0  startup_at32f421.o(.text)
    EXINT15_4_IRQHandler                     0x08000183   Thumb Code     0  startup_at32f421.o(.text)
    EXINT1_0_IRQHandler                      0x08000183   Thumb Code     0  startup_at32f421.o(.text)
    EXINT3_2_IRQHandler                      0x08000183   Thumb Code     0  startup_at32f421.o(.text)
    FLASH_IRQHandler                         0x08000183   Thumb Code     0  startup_at32f421.o(.text)
    I2C1_ERR_IRQHandler                      0x08000183   Thumb Code     0  startup_at32f421.o(.text)
    I2C1_EVT_IRQHandler                      0x08000183   Thumb Code     0  startup_at32f421.o(.text)
    I2C2_ERR_IRQHandler                      0x08000183   Thumb Code     0  startup_at32f421.o(.text)
    I2C2_EVT_IRQHandler                      0x08000183   Thumb Code     0  startup_at32f421.o(.text)
    PVM_IRQHandler                           0x08000183   Thumb Code     0  startup_at32f421.o(.text)
    SPI1_IRQHandler                          0x08000183   Thumb Code     0  startup_at32f421.o(.text)
    SPI2_IRQHandler                          0x08000183   Thumb Code     0  startup_at32f421.o(.text)
    TMR14_GLOBAL_IRQHandler                  0x08000183   Thumb Code     0  startup_at32f421.o(.text)
    TMR15_GLOBAL_IRQHandler                  0x08000183   Thumb Code     0  startup_at32f421.o(.text)
    TMR16_GLOBAL_IRQHandler                  0x08000183   Thumb Code     0  startup_at32f421.o(.text)
    TMR17_GLOBAL_IRQHandler                  0x08000183   Thumb Code     0  startup_at32f421.o(.text)
    TMR1_BRK_OVF_TRG_HALL_IRQHandler         0x08000183   Thumb Code     0  startup_at32f421.o(.text)
    TMR1_CH_IRQHandler                       0x08000183   Thumb Code     0  startup_at32f421.o(.text)
    TMR3_GLOBAL_IRQHandler                   0x08000183   Thumb Code     0  startup_at32f421.o(.text)
    TMR6_GLOBAL_IRQHandler                   0x08000183   Thumb Code     0  startup_at32f421.o(.text)
    USART1_IRQHandler                        0x08000183   Thumb Code     0  startup_at32f421.o(.text)
    USART2_IRQHandler                        0x08000183   Thumb Code     0  startup_at32f421.o(.text)
    WWDT_IRQHandler                          0x08000183   Thumb Code     0  startup_at32f421.o(.text)
    __user_initial_stackheap                 0x08000185   Thumb Code     0  startup_at32f421.o(.text)
    __aeabi_memclr                           0x080001a9   Thumb Code     0  rt_memclr.o(.text)
    __rt_memclr                              0x080001a9   Thumb Code     0  rt_memclr.o(.text)
    _memset                                  0x080001ad   Thumb Code    64  rt_memclr.o(.text)
    __aeabi_memclr4                          0x080001ed   Thumb Code     0  rt_memclr_w.o(.text)
    __aeabi_memclr8                          0x080001ed   Thumb Code     0  rt_memclr_w.o(.text)
    __rt_memclr_w                            0x080001ed   Thumb Code     0  rt_memclr_w.o(.text)
    _memset_w                                0x080001f1   Thumb Code    74  rt_memclr_w.o(.text)
    __use_two_region_memory                  0x0800023b   Thumb Code     2  heapauxi.o(.text)
    __rt_heap_escrow$2region                 0x0800023d   Thumb Code     2  heapauxi.o(.text)
    __rt_heap_expand$2region                 0x0800023f   Thumb Code     2  heapauxi.o(.text)
    __user_setup_stackheap                   0x08000241   Thumb Code    74  sys_stackheap_outer.o(.text)
    exit                                     0x0800028b   Thumb Code    18  exit.o(.text)
    __user_libspace                          0x0800029d   Thumb Code     8  libspace.o(.text)
    __user_perproc_libspace                  0x0800029d   Thumb Code     0  libspace.o(.text)
    __user_perthread_libspace                0x0800029d   Thumb Code     0  libspace.o(.text)
    _sys_exit                                0x080002a5   Thumb Code     8  sys_exit.o(.text)
    __I$use$semihosting                      0x080002b1   Thumb Code     0  use_no_semi.o(.text)
    __use_no_semihosting_swi                 0x080002b1   Thumb Code     2  use_no_semi.o(.text)
    BusFault_Handler                         0x080002b3   Thumb Code     2  at32f4xx_it.o(.text.BusFault_Handler)
    __semihosting_library_function           0x080002b3   Thumb Code     0  indicate_semi.o(.text)
    DebugMon_Handler                         0x080002b5   Thumb Code     2  at32f4xx_it.o(.text.DebugMon_Handler)
    HardFault_Handler                        0x080002b7   Thumb Code     2  at32f4xx_it.o(.text.HardFault_Handler)
    MemManage_Handler                        0x080002b9   Thumb Code     2  at32f4xx_it.o(.text.MemManage_Handler)
    NMI_Handler                              0x080002bb   Thumb Code     2  at32f4xx_it.o(.text.NMI_Handler)
    PendSV_Handler                           0x0800033b   Thumb Code     2  at32f4xx_it.o(.text.PendSV_Handler)
    SVC_Handler                              0x0800033d   Thumb Code     2  at32f4xx_it.o(.text.SVC_Handler)
    SysTick_Handler                          0x0800033f   Thumb Code     2  at32f4xx_it.o(.text.SysTick_Handler)
    SystemInit                               0x08000341   Thumb Code    72  system_at32f421.o(.text.SystemInit)
    UsageFault_Handler                       0x0800038d   Thumb Code     2  at32f4xx_it.o(.text.UsageFault_Handler)
    checkCrc                                 0x08000391   Thumb Code    32  main.o(.text.checkCrc)
    checkForSignal                           0x080003b5   Thumb Code   188  main.o(.text.checkForSignal)
    crm_ahb_div_set                          0x0800047d   Thumb Code    20  at32f421_crm.o(.text.crm_ahb_div_set)
    crm_apb1_div_set                         0x08000491   Thumb Code    20  at32f421_crm.o(.text.crm_apb1_div_set)
    crm_apb2_div_set                         0x080004a5   Thumb Code    20  at32f421_crm.o(.text.crm_apb2_div_set)
    crm_auto_step_mode_enable                0x080004b9   Thumb Code    20  at32f421_crm.o(.text.crm_auto_step_mode_enable)
    crm_clock_source_enable                  0x080004d1   Thumb Code    88  at32f421_crm.o(.text.crm_clock_source_enable)
    crm_flag_get                             0x08000529   Thumb Code    20  at32f421_crm.o(.text.crm_flag_get)
    crm_periph_clock_enable                  0x0800053d   Thumb Code    28  at32f421_crm.o(.text.crm_periph_clock_enable)
    crm_pll_config                           0x08000559   Thumb Code    76  at32f421_crm.o(.text.crm_pll_config)
    crm_reset                                0x080005a5   Thumb Code    64  at32f421_crm.o(.text.crm_reset)
    crm_sysclk_switch                        0x080005ed   Thumb Code    12  at32f421_crm.o(.text.crm_sysclk_switch)
    crm_sysclk_switch_status_get             0x080005f9   Thumb Code    12  at32f421_crm.o(.text.crm_sysclk_switch_status_get)
    decodeInput                              0x08000609   Thumb Code   588  main.o(.text.decodeInput)
    delayMicroseconds                        0x08000865   Thumb Code    16  main.o(.text.delayMicroseconds)
    flash_flag_clear                         0x08000875   Thumb Code     8  at32f421_flash.o(.text.flash_flag_clear)
    flash_lock                               0x0800087d   Thumb Code    12  at32f421_flash.o(.text.flash_lock)
    flash_operation_status_get               0x08000889   Thumb Code    36  at32f421_flash.o(.text.flash_operation_status_get)
    flash_operation_wait_for                 0x080008b1   Thumb Code    28  at32f421_flash.o(.text.flash_operation_wait_for)
    flash_sector_erase                       0x080008cd   Thumb Code    28  at32f421_flash.o(.text.flash_sector_erase)
    flash_unlock                             0x080008e9   Thumb Code    12  at32f421_flash.o(.text.flash_unlock)
    flash_word_program                       0x08000901   Thumb Code    20  at32f421_flash.o(.text.flash_word_program)
    gpio_default_para_init                   0x08000919   Thumb Code    14  at32f421_gpio.o(.text.gpio_default_para_init)
    gpio_init                                0x08000927   Thumb Code   118  at32f421_gpio.o(.text.gpio_init)
    jump                                     0x0800099d   Thumb Code    52  main.o(.text.jump)
    main                                     0x080009dd   Thumb Code   244  main.o(.text.main)
    makeCrc                                  0x08000ae9   Thumb Code    60  main.o(.text.makeCrc)
    read_flash_bin                           0x08000b29   Thumb Code    18  eeprom.o(.text.read_flash_bin)
    recieveBuffer                            0x08000b3d   Thumb Code   116  main.o(.text.recieveBuffer)
    save_flash_nolib                         0x08000bbd   Thumb Code   148  eeprom.o(.text.save_flash_nolib)
    sendDeviceInfo                           0x08000c51   Thumb Code    44  main.o(.text.sendDeviceInfo)
    sendString                               0x08000c81   Thumb Code    30  main.o(.text.sendString)
    send_ACK                                 0x08000ca1   Thumb Code    32  main.o(.text.send_ACK)
    send_BAD_ACK                             0x08000cc1   Thumb Code    20  main.o(.text.send_BAD_ACK)
    send_BAD_CRC_ACK                         0x08000cd5   Thumb Code    32  main.o(.text.send_BAD_CRC_ACK)
    serialreadChar                           0x08000cf5   Thumb Code   108  main.o(.text.serialreadChar)
    serialwriteChar                          0x08000d6d   Thumb Code    44  main.o(.text.serialwriteChar)
    system_core_clock_update                 0x08000d9d   Thumb Code   156  system_at32f421.o(.text.system_core_clock_update)
    Region$$Table$$Base                      0x08000e5c   Number         0  anon$$obj.o(Region$$Table)
    Region$$Table$$Limit                     0x08000e7c   Number         0  anon$$obj.o(Region$$Table)
    pin_code                                 0x20000000   Data           1  main.o(.data..L_MergedGlobals)
    newcount                                 0x20000004   Data           4  main.o(.data..L_MergedGlobals)
    deviceInfo                               0x20000008   Data           9  main.o(.data..L_MergedGlobals)
    system_core_clock                        0x20000014   Data           4  system_at32f421.o(.data.system_core_clock)
    __libspace_start                         0x20000018   Data          96  libspace.o(.bss)
    __temporary_stack_top$libspace           0x20000078   Data           0  libspace.o(.bss)
    messagereceived                          0x20000078   Data           1  main.o(.bss..L_MergedGlobals.1)
    eeprom_req                               0x20000079   Data           1  main.o(.bss..L_MergedGlobals.1)
    rxbyte                                   0x2000007a   Data           1  main.o(.bss..L_MergedGlobals.1)
    incoming_payload_no_command              0x2000007b   Data           1  main.o(.bss..L_MergedGlobals.1)
    calculated_crc_low_byte                  0x2000007c   Data           1  main.o(.bss..L_MergedGlobals.1)
    calculated_crc_high_byte                 0x2000007d   Data           1  main.o(.bss..L_MergedGlobals.1)
    receviedByte                             0x2000007e   Data           1  main.o(.bss..L_MergedGlobals.1)
    invalid_command                          0x20000080   Data           2  main.o(.bss..L_MergedGlobals.1)
    payload_buffer_size                      0x20000082   Data           2  main.o(.bss..L_MergedGlobals.1)
    len                                      0x20000084   Data           2  main.o(.bss..L_MergedGlobals.1)
    address_expected_increment               0x20000086   Data           2  main.o(.bss..L_MergedGlobals.1)
    count                                    0x20000088   Data           4  main.o(.bss..L_MergedGlobals.1)
    cmd                                      0x2000008c   Data           4  main.o(.bss..L_MergedGlobals.1)
    JumpAddress                              0x20000090   Data           4  main.o(.bss..L_MergedGlobals.1)
    JumpToApplication                        0x20000094   Data           4  main.o(.bss..L_MergedGlobals.1)
    received                                 0x20000098   Data           4  main.o(.bss..L_MergedGlobals.1)
    address                                  0x2000009c   Data           4  main.o(.bss..L_MergedGlobals.1)
    low_pin_count                            0x200000a0   Data           2  main.o(.bss.low_pin_count)
    payLoadBuffer                            0x200000a4   Data         256  main.o(.bss.payLoadBuffer)
    rxBuffer                                 0x200001a4   Data         258  main.o(.bss.rxBuffer)



==============================================================================

Memory Map of the image

  Image Entry point : 0x080000cd

  Load Region LR_IROM1 (Base: 0x08000000, Size: 0x00000e98, Max: 0x00010000, ABSOLUTE)

    Execution Region ER_IROM1 (Exec base: 0x08000000, Load base: 0x08000000, Size: 0x00000e7c, Max: 0x00010000, ABSOLUTE)

    Exec Addr    Load Addr    Size         Type   Attr      Idx    E Section Name        Object

    0x08000000   0x08000000   0x000000cc   Data   RO           10    RESET               startup_at32f421.o
    0x080000cc   0x080000cc   0x00000008   Code   RO          946  * !!!main             c_w.l(__main.o)
    0x080000d4   0x080000d4   0x00000034   Code   RO         1074    !!!scatter          c_w.l(__scatter.o)
    0x08000108   0x08000108   0x0000001a   Code   RO         1075    !!handler_copy      c_w.l(__scatter_copy.o)
    0x08000122   0x08000122   0x00000002   PAD
    0x08000124   0x08000124   0x0000001c   Code   RO         1076    !!handler_zi        c_w.l(__scatter_zi.o)
    0x08000140   0x08000140   0x00000002   Code   RO          968    .ARM.Collect$$libinit$$00000000  c_w.l(libinit.o)
    0x08000142   0x08000142   0x00000000   Code   RO          974    .ARM.Collect$$libinit$$00000002  c_w.l(libinit2.o)
    0x08000142   0x08000142   0x00000000   Code   RO          976    .ARM.Collect$$libinit$$00000004  c_w.l(libinit2.o)
    0x08000142   0x08000142   0x00000000   Code   RO          979    .ARM.Collect$$libinit$$0000000A  c_w.l(libinit2.o)
    0x08000142   0x08000142   0x00000000   Code   RO          981    .ARM.Collect$$libinit$$0000000C  c_w.l(libinit2.o)
    0x08000142   0x08000142   0x00000000   Code   RO          983    .ARM.Collect$$libinit$$0000000E  c_w.l(libinit2.o)
    0x08000142   0x08000142   0x00000000   Code   RO          986    .ARM.Collect$$libinit$$00000011  c_w.l(libinit2.o)
    0x08000142   0x08000142   0x00000000   Code   RO          988    .ARM.Collect$$libinit$$00000013  c_w.l(libinit2.o)
    0x08000142   0x08000142   0x00000000   Code   RO          990    .ARM.Collect$$libinit$$00000015  c_w.l(libinit2.o)
    0x08000142   0x08000142   0x00000000   Code   RO          992    .ARM.Collect$$libinit$$00000017  c_w.l(libinit2.o)
    0x08000142   0x08000142   0x00000000   Code   RO          994    .ARM.Collect$$libinit$$00000019  c_w.l(libinit2.o)
    0x08000142   0x08000142   0x00000000   Code   RO          996    .ARM.Collect$$libinit$$0000001B  c_w.l(libinit2.o)
    0x08000142   0x08000142   0x00000000   Code   RO          998    .ARM.Collect$$libinit$$0000001D  c_w.l(libinit2.o)
    0x08000142   0x08000142   0x00000000   Code   RO         1000    .ARM.Collect$$libinit$$0000001F  c_w.l(libinit2.o)
    0x08000142   0x08000142   0x00000000   Code   RO         1002    .ARM.Collect$$libinit$$00000021  c_w.l(libinit2.o)
    0x08000142   0x08000142   0x00000000   Code   RO         1004    .ARM.Collect$$libinit$$00000023  c_w.l(libinit2.o)
    0x08000142   0x08000142   0x00000000   Code   RO         1006    .ARM.Collect$$libinit$$00000025  c_w.l(libinit2.o)
    0x08000142   0x08000142   0x00000000   Code   RO         1010    .ARM.Collect$$libinit$$0000002C  c_w.l(libinit2.o)
    0x08000142   0x08000142   0x00000000   Code   RO         1012    .ARM.Collect$$libinit$$0000002E  c_w.l(libinit2.o)
    0x08000142   0x08000142   0x00000000   Code   RO         1014    .ARM.Collect$$libinit$$00000030  c_w.l(libinit2.o)
    0x08000142   0x08000142   0x00000000   Code   RO         1016    .ARM.Collect$$libinit$$00000032  c_w.l(libinit2.o)
    0x08000142   0x08000142   0x00000002   Code   RO         1017    .ARM.Collect$$libinit$$00000033  c_w.l(libinit2.o)
    0x08000144   0x08000144   0x00000002   Code   RO         1032    .ARM.Collect$$libshutdown$$00000000  c_w.l(libshutdown.o)
    0x08000146   0x08000146   0x00000000   Code   RO         1041    .ARM.Collect$$libshutdown$$00000002  c_w.l(libshutdown2.o)
    0x08000146   0x08000146   0x00000000   Code   RO         1043    .ARM.Collect$$libshutdown$$00000004  c_w.l(libshutdown2.o)
    0x08000146   0x08000146   0x00000000   Code   RO         1046    .ARM.Collect$$libshutdown$$00000007  c_w.l(libshutdown2.o)
    0x08000146   0x08000146   0x00000000   Code   RO         1049    .ARM.Collect$$libshutdown$$0000000A  c_w.l(libshutdown2.o)
    0x08000146   0x08000146   0x00000000   Code   RO         1051    .ARM.Collect$$libshutdown$$0000000C  c_w.l(libshutdown2.o)
    0x08000146   0x08000146   0x00000000   Code   RO         1054    .ARM.Collect$$libshutdown$$0000000F  c_w.l(libshutdown2.o)
    0x08000146   0x08000146   0x00000002   Code   RO         1055    .ARM.Collect$$libshutdown$$00000010  c_w.l(libshutdown2.o)
    0x08000148   0x08000148   0x00000000   Code   RO          947    .ARM.Collect$$rtentry$$00000000  c_w.l(__rtentry.o)
    0x08000148   0x08000148   0x00000000   Code   RO          949    .ARM.Collect$$rtentry$$00000002  c_w.l(__rtentry2.o)
    0x08000148   0x08000148   0x00000006   Code   RO          961    .ARM.Collect$$rtentry$$00000004  c_w.l(__rtentry4.o)
    0x0800014e   0x0800014e   0x00000000   Code   RO          951    .ARM.Collect$$rtentry$$00000009  c_w.l(__rtentry2.o)
    0x0800014e   0x0800014e   0x00000004   Code   RO          952    .ARM.Collect$$rtentry$$0000000A  c_w.l(__rtentry2.o)
    0x08000152   0x08000152   0x00000000   Code   RO          954    .ARM.Collect$$rtentry$$0000000C  c_w.l(__rtentry2.o)
    0x08000152   0x08000152   0x00000008   Code   RO          955    .ARM.Collect$$rtentry$$0000000D  c_w.l(__rtentry2.o)
    0x0800015a   0x0800015a   0x00000002   Code   RO          971    .ARM.Collect$$rtexit$$00000000  c_w.l(rtexit.o)
    0x0800015c   0x0800015c   0x00000000   Code   RO         1019    .ARM.Collect$$rtexit$$00000002  c_w.l(rtexit2.o)
    0x0800015c   0x0800015c   0x00000004   Code   RO         1020    .ARM.Collect$$rtexit$$00000003  c_w.l(rtexit2.o)
    0x08000160   0x08000160   0x00000006   Code   RO         1021    .ARM.Collect$$rtexit$$00000004  c_w.l(rtexit2.o)
    0x08000166   0x08000166   0x00000002   PAD
    0x08000168   0x08000168   0x00000040   Code   RO           11    .text               startup_at32f421.o
    0x080001a8   0x080001a8   0x00000044   Code   RO          943    .text               c_w.l(rt_memclr.o)
    0x080001ec   0x080001ec   0x0000004e   Code   RO          944    .text               c_w.l(rt_memclr_w.o)
    0x0800023a   0x0800023a   0x00000006   Code   RO          945    .text               c_w.l(heapauxi.o)
    0x08000240   0x08000240   0x0000004a   Code   RO          963    .text               c_w.l(sys_stackheap_outer.o)
    0x0800028a   0x0800028a   0x00000012   Code   RO          964    .text               c_w.l(exit.o)
    0x0800029c   0x0800029c   0x00000008   Code   RO          969    .text               c_w.l(libspace.o)
    0x080002a4   0x080002a4   0x0000000c   Code   RO         1027    .text               c_w.l(sys_exit.o)
    0x080002b0   0x080002b0   0x00000002   Code   RO         1035    .text               c_w.l(use_no_semi.o)
    0x080002b2   0x080002b2   0x00000000   Code   RO         1036    .text               c_w.l(indicate_semi.o)
    0x080002b2   0x080002b2   0x00000002   Code   RO           19    .text.BusFault_Handler  at32f4xx_it.o
    0x080002b4   0x080002b4   0x00000002   Code   RO           25    .text.DebugMon_Handler  at32f4xx_it.o
    0x080002b6   0x080002b6   0x00000002   Code   RO           15    .text.HardFault_Handler  at32f4xx_it.o
    0x080002b8   0x080002b8   0x00000002   Code   RO           17    .text.MemManage_Handler  at32f4xx_it.o
    0x080002ba   0x080002ba   0x00000002   Code   RO           13    .text.NMI_Handler   at32f4xx_it.o
    0x080002bc   0x080002bc   0x00000018   Code   RO           72    .text.OUTLINED_FUNCTION_0  main.o
    0x080002d4   0x080002d4   0x00000010   Code   RO          516    .text.OUTLINED_FUNCTION_0  at32f421_flash.o
    0x080002e4   0x080002e4   0x0000000c   Code   RO           74    .text.OUTLINED_FUNCTION_1  main.o
    0x080002f0   0x080002f0   0x00000008   Code   RO          518    .text.OUTLINED_FUNCTION_1  at32f421_flash.o
    0x080002f8   0x080002f8   0x0000000e   Code   RO           76    .text.OUTLINED_FUNCTION_2  main.o
    0x08000306   0x08000306   0x0000000e   Code   RO           78    .text.OUTLINED_FUNCTION_3  main.o
    0x08000314   0x08000314   0x0000000a   Code   RO          522    .text.OUTLINED_FUNCTION_3  at32f421_flash.o
    0x0800031e   0x0800031e   0x0000000a   Code   RO           80    .text.OUTLINED_FUNCTION_4  main.o
    0x08000328   0x08000328   0x00000008   Code   RO           82    .text.OUTLINED_FUNCTION_5  main.o
    0x08000330   0x08000330   0x0000000a   Code   RO          528    .text.OUTLINED_FUNCTION_6  at32f421_flash.o
    0x0800033a   0x0800033a   0x00000002   Code   RO           27    .text.PendSV_Handler  at32f4xx_it.o
    0x0800033c   0x0800033c   0x00000002   Code   RO           23    .text.SVC_Handler   at32f4xx_it.o
    0x0800033e   0x0800033e   0x00000002   Code   RO           29    .text.SysTick_Handler  at32f4xx_it.o
    0x08000340   0x08000340   0x0000004c   Code   RO            3    .text.SystemInit    system_at32f421.o
    0x0800038c   0x0800038c   0x00000002   Code   RO           21    .text.UsageFault_Handler  at32f4xx_it.o
    0x0800038e   0x0800038e   0x00000002   PAD
    0x08000390   0x08000390   0x00000024   Code   RO           40    .text.checkCrc      main.o
    0x080003b4   0x080003b4   0x000000c8   Code   RO           68    .text.checkForSignal  main.o
    0x0800047c   0x0800047c   0x00000014   Code   RO          252    .text.crm_ahb_div_set  at32f421_crm.o
    0x08000490   0x08000490   0x00000014   Code   RO          254    .text.crm_apb1_div_set  at32f421_crm.o
    0x080004a4   0x080004a4   0x00000014   Code   RO          256    .text.crm_apb2_div_set  at32f421_crm.o
    0x080004b8   0x080004b8   0x00000018   Code   RO          278    .text.crm_auto_step_mode_enable  at32f421_crm.o
    0x080004d0   0x080004d0   0x00000058   Code   RO          244    .text.crm_clock_source_enable  at32f421_crm.o
    0x08000528   0x08000528   0x00000014   Code   RO          230    .text.crm_flag_get  at32f421_crm.o
    0x0800053c   0x0800053c   0x0000001c   Code   RO          238    .text.crm_periph_clock_enable  at32f421_crm.o
    0x08000558   0x08000558   0x0000004c   Code   RO          264    .text.crm_pll_config  at32f421_crm.o
    0x080005a4   0x080005a4   0x00000048   Code   RO          224    .text.crm_reset     at32f421_crm.o
    0x080005ec   0x080005ec   0x0000000c   Code   RO          268    .text.crm_sysclk_switch  at32f421_crm.o
    0x080005f8   0x080005f8   0x00000010   Code   RO          270    .text.crm_sysclk_switch_status_get  at32f421_crm.o
    0x08000608   0x08000608   0x0000025c   Code   RO           60    .text.decodeInput   main.o
    0x08000864   0x08000864   0x00000010   Code   RO           34    .text.delayMicroseconds  main.o
    0x08000874   0x08000874   0x00000008   Code   RO          450    .text.flash_flag_clear  at32f421_flash.o
    0x0800087c   0x0800087c   0x0000000c   Code   RO          458    .text.flash_lock    at32f421_flash.o
    0x08000888   0x08000888   0x00000028   Code   RO          452    .text.flash_operation_status_get  at32f421_flash.o
    0x080008b0   0x080008b0   0x0000001c   Code   RO          454    .text.flash_operation_wait_for  at32f421_flash.o
    0x080008cc   0x080008cc   0x0000001c   Code   RO          460    .text.flash_sector_erase  at32f421_flash.o
    0x080008e8   0x080008e8   0x00000018   Code   RO          456    .text.flash_unlock  at32f421_flash.o
    0x08000900   0x08000900   0x00000018   Code   RO          468    .text.flash_word_program  at32f421_flash.o
    0x08000918   0x08000918   0x0000000e   Code   RO          535    .text.gpio_default_para_init  at32f421_gpio.o
    0x08000926   0x08000926   0x00000076   Code   RO          533    .text.gpio_init     at32f421_gpio.o
    0x0800099c   0x0800099c   0x00000040   Code   RO           36    .text.jump          main.o
    0x080009dc   0x080009dc   0x0000010c   Code   RO           70    .text.main          main.o
    0x08000ae8   0x08000ae8   0x00000040   Code   RO           38    .text.makeCrc       main.o
    0x08000b28   0x08000b28   0x00000012   Code   RO          102    .text.read_flash_bin  eeprom.o
    0x08000b3a   0x08000b3a   0x00000002   PAD
    0x08000b3c   0x08000b3c   0x00000080   Code   RO           64    .text.recieveBuffer  main.o
    0x08000bbc   0x08000bbc   0x00000094   Code   RO          100    .text.save_flash_nolib  eeprom.o
    0x08000c50   0x08000c50   0x00000030   Code   RO           54    .text.sendDeviceInfo  main.o
    0x08000c80   0x08000c80   0x0000001e   Code   RO           56    .text.sendString    main.o
    0x08000c9e   0x08000c9e   0x00000002   PAD
    0x08000ca0   0x08000ca0   0x00000020   Code   RO           46    .text.send_ACK      main.o
    0x08000cc0   0x08000cc0   0x00000014   Code   RO           50    .text.send_BAD_ACK  main.o
    0x08000cd4   0x08000cd4   0x00000020   Code   RO           52    .text.send_BAD_CRC_ACK  main.o
    0x08000cf4   0x08000cf4   0x00000078   Code   RO           62    .text.serialreadChar  main.o
    0x08000d6c   0x08000d6c   0x00000030   Code   RO           48    .text.serialwriteChar  main.o
    0x08000d9c   0x08000d9c   0x000000c0   Code   RO            5    .text.system_core_clock_update  system_at32f421.o
    0x08000e5c   0x08000e5c   0x00000020   Data   RO         1073    Region$$Table       anon$$obj.o


    Execution Region RW_IRAM1 (Exec base: 0x20000000, Load base: 0x08000e80, Size: 0x000008a8, Max: 0x00004000, ABSOLUTE)

    Exec Addr    Load Addr    Size         Type   Attr      Idx    E Section Name        Object

    0x20000000   0x08000e80   0x00000011   Data   RW           97    .data..L_MergedGlobals  main.o
    0x20000011   0x08000e91   0x00000003   PAD
    0x20000014   0x08000e94   0x00000004   Data   RW            7    .data.system_core_clock  system_at32f421.o
    0x20000018        -       0x00000060   Zero   RW          970    .bss                c_w.l(libspace.o)
    0x20000078        -       0x00000028   Zero   RW           98    .bss..L_MergedGlobals.1  main.o
    0x200000a0        -       0x00000002   Zero   RW           85    .bss.low_pin_count  main.o
    0x200000a2   0x08000e98   0x00000002   PAD
    0x200000a4        -       0x00000100   Zero   RW           90    .bss.payLoadBuffer  main.o
    0x200001a4        -       0x00000102   Zero   RW           89    .bss.rxBuffer       main.o
    0x200002a6   0x08000e98   0x00000002   PAD
    0x200002a8        -       0x00000200   Zero   RW            9    HEAP                startup_at32f421.o
    0x200004a8        -       0x00000400   Zero   RW            8    STACK               startup_at32f421.o



  Load Region LR$$.ARM.__AT_0x1FFFF800 (Base: 0x1ffff800, Size: 0x0000000c, Max: 0x0000000c, ABSOLUTE)

    Execution Region ER$$.ARM.__AT_0x1FFFF800 (Exec base: 0x1ffff800, Load base: 0x1ffff800, Size: 0x0000000c, Max: 0x0000000c, ABSOLUTE, UNINIT)

    Exec Addr    Load Addr    Size         Type   Attr      Idx    E Section Name        Object

    0x1ffff800   0x1ffff800   0x0000000c   Code   RO            1    .ARM.__AT_0x1FFFF800  at32f4xx_opt.o


==============================================================================

Image component sizes


      Code (inc. data)   RO Data    RW Data    ZI Data      Debug   Object Name

       396         22          0          0          0          0   at32f421_crm.o
       208         20          0          0          0          0   at32f421_flash.o
       132          0          0          0          0          0   at32f421_gpio.o
        18          0          0          0          0          0   at32f4xx_it.o
        12         12          0          0          0          0   at32f4xx_opt.o
       166          0          0          0          0          0   eeprom.o
      1792        108          0         17        556          0   main.o
        64         26        204          0       1536          0   startup_at32f421.o
       268         40          0          4          0          0   system_at32f421.o

    ----------------------------------------------------------------------
      3062        228        236         24       2096          0   Object Totals
         0          0         32          0          0          0   (incl. Generated)
         6          0          0          3          4          0   (incl. Padding)

    ----------------------------------------------------------------------

      Code (inc. data)   RO Data    RW Data    ZI Data      Debug   Library Member Name

         8          0          0          0          0          0   __main.o
         0          0          0          0          0          0   __rtentry.o
        12          0          0          0          0          0   __rtentry2.o
         6          0          0          0          0          0   __rtentry4.o
        52          8          0          0          0          0   __scatter.o
        26          0          0          0          0          0   __scatter_copy.o
        28          0          0          0          0          0   __scatter_zi.o
        18          0          0          0          0          0   exit.o
         6          0          0          0          0          0   heapauxi.o
         0          0          0          0          0          0   indicate_semi.o
         2          0          0          0          0          0   libinit.o
         2          0          0          0          0          0   libinit2.o
         2          0          0          0          0          0   libshutdown.o
         2          0          0          0          0          0   libshutdown2.o
         8          4          0          0         96          0   libspace.o
        68          0          0          0          0          0   rt_memclr.o
        78          0          0          0          0          0   rt_memclr_w.o
         2          0          0          0          0          0   rtexit.o
        10          0          0          0          0          0   rtexit2.o
        12          4          0          0          0          0   sys_exit.o
        74          0          0          0          0          0   sys_stackheap_outer.o
         2          0          0          0          0          0   use_no_semi.o

    ----------------------------------------------------------------------
       422         16          0          0         96          0   Library Totals
         4          0          0          0          0          0   (incl. Padding)

    ----------------------------------------------------------------------

      Code (inc. data)   RO Data    RW Data    ZI Data      Debug   Library Name

       418         16          0          0         96          0   c_w.l

    ----------------------------------------------------------------------
       422         16          0          0         96          0   Library Totals

    ----------------------------------------------------------------------

==============================================================================


      Code (inc. data)   RO Data    RW Data    ZI Data      Debug   

      3484        244        236         24       2192          0   Grand Totals
      3484        244        236         24       2192          0   ELF Image Totals
      3484        244        236         24          0          0   ROM Totals

==============================================================================

    Total RO  Size (Code + RO Data)                 3720 (   3.63kB)
    Total RW  Size (RW Data + ZI Data)              2216 (   2.16kB)
    Total ROM Size (Code + RO Data + RW Data)       3744 (   3.66kB)

==============================================================================

